Microchip MPLAB XC8 Compiler V1.33 ()

Linker command line:

--edf=C:\Program Files (x86)\Microchip\xc8\v1.33\dat\en_msgs.txt -cs \
  -h+dist/default/production\Current_Sense_2.2.X.production.sym \
  --cmf=dist/default/production\Current_Sense_2.2.X.production.cmf -z \
  -Q18LF25K22 -oC:\Users\austin\AppData\Local\Temp\s2bc.6 \
  -Mdist/default/production/Current_Sense_2.2.X.production.map -E1 -ver=XC8 \
  -ASTACK=0F3h-05ffh -pstack=STACK -ACODE=00h-07FFFh -ACONST=00h-07FFFh \
  -ASMALLCONST=0600h-06FFhx122 -AMEDIUMCONST=0600h-07FFFh -ACOMRAM=01h-05Fh \
  -AABS1=00h-05FFh -ABIGRAM=01h-05FFh -ARAM=060h-0FFh,0100h-01FFhx5 \
  -ABANK0=060h-0FFh -ABANK1=0100h-01FFh -ABANK2=0200h-02FFh \
  -ABANK3=0300h-03FFh -ABANK4=0400h-04FFh -ABANK5=0500h-05FFh \
  -ASFR=0F38h-0F5Fh,0F60h-0FFFh \
  -preset_vec=00h,intcode=08h,intcodelo,powerup,init,end_init \
  -pramtop=0600h -psmallconst=SMALLCONST -pmediumconst=MEDIUMCONST \
  -pconst=CONST -AFARRAM=00h-00h -ACONFIG=0300000h-030000Dh -pconfig=CONFIG \
  -AIDLOC=0200000h-0200007h -pidloc=IDLOC -AEEDATA=0F00000h-0F000FFh \
  -peeprom_data=EEDATA \
  -prdata=COMRAM,nvrram=COMRAM,nvbit=COMRAM,rbss=COMRAM,rbit=COMRAM \
  -pfarbss=FARRAM,fardata=FARRAM,nvFARRAM=FARRAM \
  -pintsave_regs=BIGRAM,bigbss=BIGRAM,bigdata=BIGRAM -pbss=RAM \
  -pidata=CODE,irdata=CODE,ibigdata=CODE,ifardata=CODE \
  C:\Users\austin\AppData\Local\Temp\s2bc.obj \
  dist/default/production\Current_Sense_2.2.X.production.obj 

Object code version is 3.11

Machine type is 18LF25K22

Call graph: (short form)




                Name                               Link     Load   Length Selector   Space Scale
C:\Users\austin\AppData\Local\Temp\s2bc.obj
                end_init                             9C       9C        4        4       0
                reset_vec                             0        0        4        0       0
                idloc                            200000   200000        8   200000       0
                config                           300000   300000        E   300000       0
dist/default/production\Current_Sense_2.2.X.production.obj
                intcode                               8        8       94        4       0
                smallconst                          600      600       60      300       0
                text39                             1692     1692       50      330       0
                text38                             1926     1926       26      330       0
                text37                              978      978      178      330       0
                text36                             15EA     15EA       56      330       0
                text35                             19B4     19B4       20      330       0
                text34                              E7E      E7E      104      330       0
                text33                             1594     1594       56      330       0
                text32                             1372     1372       84      330       0
                text31                             11AC     11AC       9E      330       0
                text30                             13F6     13F6       82      330       0
                text29                             1478     1478       66      330       0
                text28                              D78      D78      106      330       0
                text27                             172E     172E       4A      330       0
                text26                             153E     153E       56      330       0
                text25                             1A22     1A22       16      330       0
                text24                              C34      C34      144      330       0
                text23                             18A8     18A8       30      330       0
                text22                              660      660      318      330       0
                text21                             17FC     17FC       42      330       0
                text20                             18D8     18D8       28      330       0
                text19                             1046     1046       C2      330       0
                text18                             1640     1640       52      330       0
                text17                             17BA     17BA       42      330       0
                text16                             1108     1108       A4      330       0
                text15                             1778     1778       42      330       0
                text14                             1900     1900       26      330       0
                text13                             124A     124A       98      330       0
                text12                             19D4     19D4       1E      330       0
                text11                             12E2     12E2       90      330       0
                text10                              F82      F82       C4      330       0
                text9                              194C     194C       24      330       0
                text8                              16E2     16E2       4C      330       0
                text7                              1876     1876       32      330       0
                text6                              183E     183E       38      330       0
                text5                              1A0A     1A0A       18      330       0
                text4                              1A38     1A38       12      330       0
                text3                              19F2     19F2       18      330       0
                text2                               AF0      AF0      144      330       0
                text1                              1992     1992       22      330       0
                text0                              14DE     14DE       60      330       0
                cstackCOMRAM                          1        1       39        1       1
                cstackBANK0                          B4       B4       3F       60       1
                bssBANK0                             60       60       54       60       1
                bssCOMRAM                            3A       3A       18        1       1
                cinit                              1970     1970       22      330       0

TOTAL           Name                               Link     Load   Length     Space
        CLASS   STACK          

        CLASS   CODE           
                end_init                             9C       9C        4         0
                intcode                               8        8       94         0
                reset_vec                             0        0        4         0
                text39                             1692     1692       50         0
                text38                             1926     1926       26         0
                text37                              978      978      178         0
                text36                             15EA     15EA       56         0
                text35                             19B4     19B4       20         0
                text34                              E7E      E7E      104         0
                text33                             1594     1594       56         0
                text32                             1372     1372       84         0
                text31                             11AC     11AC       9E         0
                text30                             13F6     13F6       82         0
                text29                             1478     1478       66         0
                text28                              D78      D78      106         0
                text27                             172E     172E       4A         0
                text26                             153E     153E       56         0
                text25                             1A22     1A22       16         0
                text24                              C34      C34      144         0
                text23                             18A8     18A8       30         0
                text22                              660      660      318         0
                text21                             17FC     17FC       42         0
                text20                             18D8     18D8       28         0
                text19                             1046     1046       C2         0
                text18                             1640     1640       52         0
                text17                             17BA     17BA       42         0
                text16                             1108     1108       A4         0
                text15                             1778     1778       42         0
                text14                             1900     1900       26         0
                text13                             124A     124A       98         0
                text12                             19D4     19D4       1E         0
                text11                             12E2     12E2       90         0
                text10                              F82      F82       C4         0
                text9                              194C     194C       24         0
                text8                              16E2     16E2       4C         0
                text7                              1876     1876       32         0
                text6                              183E     183E       38         0
                text5                              1A0A     1A0A       18         0
                text4                              1A38     1A38       12         0
                text3                              19F2     19F2       18         0
                text2                               AF0      AF0      144         0
                text1                              1992     1992       22         0
                text0                              14DE     14DE       60         0
                cinit                              1970     1970       22         0

        CLASS   CONST          

        CLASS   SMALLCONST     
                smallconst                          600      600       60         0

        CLASS   MEDIUMCONST    

        CLASS   COMRAM         
                cstackCOMRAM                          1        1       39         1
                bssCOMRAM                            3A       3A       18         1

        CLASS   ABS1           

        CLASS   BIGRAM         

        CLASS   RAM            

        CLASS   BANK0          
                cstackBANK0                          B4       B4       3F         1
                bssBANK0                             60       60       54         1

        CLASS   BANK1          

        CLASS   BANK2          

        CLASS   BANK3          

        CLASS   BANK4          

        CLASS   BANK5          

        CLASS   SFR            

        CLASS   FARRAM         

        CLASS   CONFIG         
                config                           300000   300000        E         0

        CLASS   IDLOC          
                idloc                            200000   200000        8         0

        CLASS   EEDATA         



SEGMENTS        Name                           Load    Length   Top    Selector   Space  Class

                reset_vec                      000000  000004  000004         0       0  CODE    
                cstackCOMRAM                   000001  000051  000052         1       1  COMRAM  
                intcode                        000008  000098  0000A0         4       0  CODE    
                bssBANK0                       000060  000093  0000F3        60       1  BANK0   
                smallconst                     000600  000060  000660       300       0  SMALLCON
                text22                         000660  0013EA  001A4A       330       0  CODE    
                idloc                          200000  000008  200008    200000       0  IDLOC   
                config                         300000  00000E  30000E    300000       0  CONFIG  


UNUSED ADDRESS RANGES

        Name                Unused          Largest block    Delta
        BANK0            0000F3-0000FF                D
        BANK1            000100-0001FF              100
        BANK2            000200-0002FF              100
        BANK3            000300-0003FF              100
        BANK4            000400-0004FF              100
        BANK5            000500-0005FF              100
        BIGRAM           000052-00005F                E
                         0000F3-0005FF              50D
        CODE             000004-000007                4
                         0000A0-0005FF              560
                         001A4A-007FFF             65B6
        COMRAM           000052-00005F                E
        CONST            000004-000007                4
                         0000A0-0005FF              560
                         001A4A-007FFF             65B6
        EEDATA           F00000-F000FF              100
        MEDIUMCONST      001A4A-007FFF             65B6
        RAM              0000F3-0005FF              100
        SFR              000F38-000FFF               28
        SMALLCONST       001A4A-007FFF              100
        STACK            0000F3-0005FF              50D

                                  Symbol Table

?___lldiv                                            cstackCOMRAM 00000F
?___llmod                                            cstackCOMRAM 00000F
?___lmul                                             cstackCOMRAM 00000F
?___lwdiv                                            cstackCOMRAM 00000F
?___lwmod                                            cstackCOMRAM 00000F
?___wmul                                             cstackCOMRAM 00000F
?_atol                                               cstackCOMRAM 00001B
?_strcmp2                                            cstackCOMRAM 00000F
SPI_receive_data@data                                cstackCOMRAM 00000F
SPI_receive_data@recvGood                            cstackCOMRAM 000011
SPI_send_data@data                                   cstackCOMRAM 00000F
SPI_send_data@sendGood                               cstackCOMRAM 000010
_ADCON0bits                                          (abs)        000FC2
_ANSELA                                              (abs)        000F38
_ANSELAbits                                          (abs)        000F38
_ANSELB                                              (abs)        000F39
_ANSELBbits                                          (abs)        000F39
_ANSELC                                              (abs)        000F3A
_INTCON                                              (abs)        000FF2
_INTCON2                                             (abs)        000FF1
_INTCON3                                             (abs)        000FF0
_INTCONbits                                          (abs)        000FF2
_IPR1                                                (abs)        000F9F
_IPR2                                                (abs)        000FA2
_IPR3                                                (abs)        000FA5
_IPR4                                                (abs)        000F7C
_IPR5                                                (abs)        000F7F
_LATAbits                                            (abs)        000F89
_LATBbits                                            (abs)        000F8A
_LATCbits                                            (abs)        000F8B
_OSCCON2bits                                         (abs)        000FD2
_OSCCONbits                                          (abs)        000FD3
_OSCTUNEbits                                         (abs)        000F9B
_PIE1                                                (abs)        000F9D
_PIE2                                                (abs)        000FA0
_PIE3                                                (abs)        000FA3
_PIE4                                                (abs)        000F7A
_PIE5                                                (abs)        000F7D
_PIR1                                                (abs)        000F9E
_PIR2                                                (abs)        000FA1
_PIR3                                                (abs)        000FA4
_PIR4                                                (abs)        000F7B
_PIR5                                                (abs)        000F7E
_PORTAbits                                           (abs)        000F80
_PORTBbits                                           (abs)        000F81
_PORTCbits                                           (abs)        000F82
_RCONbits                                            (abs)        000FD0
_SPISlaveInit                                        text39       001692
_SPI_receive_data                                    text20       0018D8
_SPI_send_data                                       text12       0019D4
_SPI_transmit_wait                                   bssCOMRAM    000042
_SSP2BUF                                             (abs)        000F6F
_SSP2CON1bits                                        (abs)        000F6C
_SSP2CON3                                            (abs)        000F69
_SSP2CON3bits                                        (abs)        000F69
_SSP2STATbits                                        (abs)        000F6D
_T0CONbits                                           (abs)        000FD5
_TMR0H                                               (abs)        000FD7
_TMR0L                                               (abs)        000FD6
_TRISAbits                                           (abs)        000F92
_TRISBbits                                           (abs)        000F93
_TRISCbits                                           (abs)        000F94
_Timer0_ISR                                          intcode      000008
__CFG_BOREN$SBORDIS                                  (abs)        000000
__CFG_BORV$190                                       (abs)        000000
__CFG_CCP2MX$PORTC1                                  (abs)        000000
__CFG_CCP3MX$PORTB5                                  (abs)        000000
__CFG_CP0$OFF                                        (abs)        000000
__CFG_CP1$OFF                                        (abs)        000000
__CFG_CP2$OFF                                        (abs)        000000
__CFG_CP3$OFF                                        (abs)        000000
__CFG_CPB$OFF                                        (abs)        000000
__CFG_CPD$OFF                                        (abs)        000000
__CFG_DEBUG$OFF                                      (abs)        000000
__CFG_EBTR0$OFF                                      (abs)        000000
__CFG_EBTR1$OFF                                      (abs)        000000
__CFG_EBTR2$OFF                                      (abs)        000000
__CFG_EBTR3$OFF                                      (abs)        000000
__CFG_EBTRB$OFF                                      (abs)        000000
__CFG_FCMEN$OFF                                      (abs)        000000
__CFG_FOSC$INTIO67                                   (abs)        000000
__CFG_HFOFST$ON                                      (abs)        000000
__CFG_IESO$OFF                                       (abs)        000000
__CFG_LVP$OFF                                        (abs)        000000
__CFG_MCLRE$EXTMCLR                                  (abs)        000000
__CFG_P2BMX$PORTB5                                   (abs)        000000
__CFG_PBADEN$ON                                      (abs)        000000
__CFG_PLLCFG$OFF                                     (abs)        000000
__CFG_PRICLKEN$OFF                                   (abs)        000000
__CFG_PWRTEN$OFF                                     (abs)        000000
__CFG_STVREN$ON                                      (abs)        000000
__CFG_T3CMX$PORTC0                                   (abs)        000000
__CFG_WDTEN$OFF                                      (abs)        000000
__CFG_WDTPS$32768                                    (abs)        000000
__CFG_WRT0$OFF                                       (abs)        000000
__CFG_WRT1$OFF                                       (abs)        000000
__CFG_WRT2$OFF                                       (abs)        000000
__CFG_WRT3$OFF                                       (abs)        000000
__CFG_WRTB$OFF                                       (abs)        000000
__CFG_WRTC$OFF                                       (abs)        000000
__CFG_WRTD$OFF                                       (abs)        000000
__CFG_XINST$OFF                                      (abs)        000000
__HRAM                                               (abs)        000000
__Habs1                                              abs1         000000
__Hbank0                                             bank0        000000
__Hbank1                                             bank1        000000
__Hbank2                                             bank2        000000
__Hbank3                                             bank3        000000
__Hbank4                                             bank4        000000
__Hbank5                                             bank5        000000
__Hbigbss                                            bigbss       000000
__Hbigdata                                           bigdata      000000
__Hbigram                                            bigram       000000
__Hbss                                               bss          000000
__HbssBANK0                                          bssBANK0     000000
__HbssCOMRAM                                         bssCOMRAM    000000
__Hcinit                                             cinit        000000
__Hclrtext                                           clrtext      000000
__Hcomram                                            comram       000000
__Hconfig                                            config       30000E
__Hconst                                             const        000000
__HcstackBANK0                                       cstackBANK0  000000
__HcstackCOMRAM                                      cstackCOMRAM 000000
__Hdata                                              data         000000
__Heeprom_data                                       eeprom_data  000000
__Hend_init                                          end_init     0000A0
__Hfarbss                                            farbss       000000
__Hfardata                                           fardata      000000
__Hibigdata                                          ibigdata     000000
__Hidata                                             idata        000000
__Hidloc                                             idloc        200008
__Hifardata                                          ifardata     000000
__Hinit                                              init         00009C
__Hintcode                                           intcode      00009C
__Hintcode_body                                      intcode_body 000000
__Hintcodelo                                         intcodelo    00009C
__Hintentry                                          intentry     000000
__Hintret                                            intret       000000
__Hintsave_regs                                      intsave_regs 000000
__Hirdata                                            irdata       000000
__Hmediumconst                                       mediumconst  000000
__HnvFARRAM                                          nvFARRAM     000000
__Hnvbit                                             nvbit        000000
__Hnvrram                                            nvrram       000000
__Hparam                                             rparam       000000
__Hpowerup                                           powerup      00009C
__Hram                                               ram          000000
__Hramtop                                            ramtop       000600
__Hrbit                                              rbit         000000
__Hrbss                                              rbss         000000
__Hrdata                                             rdata        000000
__Hreset_vec                                         reset_vec    000004
__Hrparam                                            rparam       000000
__Hsfr                                               sfr          000000
__Hsmallconst                                        smallconst   000660
__Hspace_0                                           (abs)        30000E
__Hspace_1                                           (abs)        0000F3
__Hspace_2                                           (abs)        000000
__Hstack                                             stack        000000
__Hstruct                                            struct       000000
__Htemp                                              temp         000000
__Htext                                              text         000000
__Htext0                                             text0        000000
__Htext1                                             text1        000000
__Htext10                                            text10       000000
__Htext11                                            text11       000000
__Htext12                                            text12       000000
__Htext13                                            text13       000000
__Htext14                                            text14       000000
__Htext15                                            text15       000000
__Htext16                                            text16       000000
__Htext17                                            text17       000000
__Htext18                                            text18       000000
__Htext19                                            text19       000000
__Htext2                                             text2        000000
__Htext20                                            text20       000000
__Htext21                                            text21       000000
__Htext22                                            text22       000000
__Htext23                                            text23       000000
__Htext24                                            text24       000000
__Htext25                                            text25       000000
__Htext26                                            text26       000000
__Htext27                                            text27       000000
__Htext28                                            text28       000000
__Htext29                                            text29       000000
__Htext3                                             text3        000000
__Htext30                                            text30       000000
__Htext31                                            text31       000000
__Htext32                                            text32       000000
__Htext33                                            text33       000000
__Htext34                                            text34       000000
__Htext35                                            text35       000000
__Htext36                                            text36       000000
__Htext37                                            text37       000000
__Htext38                                            text38       000000
__Htext39                                            text39       000000
__Htext4                                             text4        000000
__Htext5                                             text5        000000
__Htext6                                             text6        000000
__Htext7                                             text7        000000
__Htext8                                             text8        000000
__Htext9                                             text9        000000
__LRAM                                               (abs)        000001
__Labs1                                              abs1         000000
__Lbank0                                             bank0        000000
__Lbank1                                             bank1        000000
__Lbank2                                             bank2        000000
__Lbank3                                             bank3        000000
__Lbank4                                             bank4        000000
__Lbank5                                             bank5        000000
__Lbigbss                                            bigbss       000000
__Lbigdata                                           bigdata      000000
__Lbigram                                            bigram       000000
__Lbss                                               bss          000000
__LbssBANK0                                          bssBANK0     000000
__LbssCOMRAM                                         bssCOMRAM    000000
__Lcinit                                             cinit        000000
__Lclrtext                                           clrtext      000000
__Lcomram                                            comram       000000
__Lconfig                                            config       300000
__Lconst                                             const        000000
__LcstackBANK0                                       cstackBANK0  000000
__LcstackCOMRAM                                      cstackCOMRAM 000000
__Ldata                                              data         000000
__Leeprom_data                                       eeprom_data  000000
__Lend_init                                          end_init     00009C
__Lfarbss                                            farbss       000000
__Lfardata                                           fardata      000000
__Libigdata                                          ibigdata     000000
__Lidata                                             idata        000000
__Lidloc                                             idloc        200000
__Lifardata                                          ifardata     000000
__Linit                                              init         00009C
__Lintcode                                           intcode      000008
__Lintcode_body                                      intcode_body 000000
__Lintcodelo                                         intcodelo    00009C
__Lintentry                                          intentry     000000
__Lintret                                            intret       000000
__Lintsave_regs                                      intsave_regs 000000
__Lirdata                                            irdata       000000
__Lmediumconst                                       mediumconst  000000
__LnvFARRAM                                          nvFARRAM     000000
__Lnvbit                                             nvbit        000000
__Lnvrram                                            nvrram       000000
__Lparam                                             rparam       000000
__Lpowerup                                           powerup      00009C
__Lram                                               ram          000000
__Lramtop                                            ramtop       000600
__Lrbit                                              rbit         000000
__Lrbss                                              rbss         000000
__Lrdata                                             rdata        000000
__Lreset_vec                                         reset_vec    000000
__Lrparam                                            rparam       000000
__Lsfr                                               sfr          000000
__Lsmallconst                                        smallconst   000600
__Lspace_0                                           (abs)        000000
__Lspace_1                                           (abs)        000000
__Lspace_2                                           (abs)        000000
__Lstack                                             stack        000000
__Lstruct                                            struct       000000
__Ltemp                                              temp         000000
__Ltext                                              text         000000
__Ltext0                                             text0        000000
__Ltext1                                             text1        000000
__Ltext10                                            text10       000000
__Ltext11                                            text11       000000
__Ltext12                                            text12       000000
__Ltext13                                            text13       000000
__Ltext14                                            text14       000000
__Ltext15                                            text15       000000
__Ltext16                                            text16       000000
__Ltext17                                            text17       000000
__Ltext18                                            text18       000000
__Ltext19                                            text19       000000
__Ltext2                                             text2        000000
__Ltext20                                            text20       000000
__Ltext21                                            text21       000000
__Ltext22                                            text22       000000
__Ltext23                                            text23       000000
__Ltext24                                            text24       000000
__Ltext25                                            text25       000000
__Ltext26                                            text26       000000
__Ltext27                                            text27       000000
__Ltext28                                            text28       000000
__Ltext29                                            text29       000000
__Ltext3                                             text3        000000
__Ltext30                                            text30       000000
__Ltext31                                            text31       000000
__Ltext32                                            text32       000000
__Ltext33                                            text33       000000
__Ltext34                                            text34       000000
__Ltext35                                            text35       000000
__Ltext36                                            text36       000000
__Ltext37                                            text37       000000
__Ltext38                                            text38       000000
__Ltext39                                            text39       000000
__Ltext4                                             text4        000000
__Ltext5                                             text5        000000
__Ltext6                                             text6        000000
__Ltext7                                             text7        000000
__Ltext8                                             text8        000000
__Ltext9                                             text9        000000
__S0                                                 (abs)        30000E
__S1                                                 (abs)        0000F3
__S2                                                 (abs)        000000
___inthi_sp                                          stack        000000
___intlo_sp                                          stack        000000
___lldiv                                             text30       0013F6
___lldiv@counter                                     cstackCOMRAM 00001B
___lldiv@dividend                                    cstackCOMRAM 00000F
___lldiv@divisor                                     cstackCOMRAM 000013
___lldiv@quotient                                    cstackCOMRAM 000017
___llmod                                             text29       001478
___llmod@counter                                     cstackCOMRAM 000017
___llmod@dividend                                    cstackCOMRAM 00000F
___llmod@divisor                                     cstackCOMRAM 000013
___lmul                                              text36       0015EA
___lmul@multiplicand                                 cstackCOMRAM 000013
___lmul@multiplier                                   cstackCOMRAM 00000F
___lmul@product                                      cstackCOMRAM 000017
___lwdiv                                             text18       001640
___lwdiv@counter                                     cstackCOMRAM 000013
___lwdiv@dividend                                    cstackCOMRAM 00000F
___lwdiv@divisor                                     cstackCOMRAM 000011
___lwdiv@quotient                                    cstackCOMRAM 000014
___lwmod                                             text17       0017BA
___lwmod@counter                                     cstackCOMRAM 000013
___lwmod@dividend                                    cstackCOMRAM 00000F
___lwmod@divisor                                     cstackCOMRAM 000011
___sp                                                stack        000000
___wmul                                              text38       001926
___wmul@multiplicand                                 cstackCOMRAM 000011
___wmul@multiplier                                   cstackCOMRAM 00000F
___wmul@product                                      cstackCOMRAM 000013
__accesstop                                          (abs)        000060
__activetblptr                                       (abs)        000002
__end_of_SPISlaveInit                                text39       0016E2
__end_of_SPI_receive_data                            text20       001900
__end_of_SPI_send_data                               text12       0019F2
__end_of_Timer0_ISR                                  intcode      00009C
__end_of___lldiv                                     text30       001478
__end_of___llmod                                     text29       0014DE
__end_of___lmul                                      text36       001640
__end_of___lwdiv                                     text18       001692
__end_of___lwmod                                     text17       0017FC
__end_of___wmul                                      text38       00194C
__end_of__initialization                             cinit        001988
__end_of__stringdata                                 smallconst   00065E
__end_of_atol                                        text34       000F82
__end_of_com_command_setEnergyUsed                   text27       001778
__end_of_com_command_setPower                        text15       0017BA
__end_of_com_command_setVersion                      text14       001926
__end_of_command_builder1                            text26       001594
__end_of_command_builder3                            text31       00124A
__end_of_command_builder_add_char                    text33       0015EA
__end_of_command_builder_add_string                  text32       0013F6
__end_of_communications                              text10       001046
__end_of_delayMS10                                   text7        0018A8
__end_of_init                                        text4        001A4A
__end_of_initIO                                      text9        001970
__end_of_initInterruptsClear                         text8        00172E
__end_of_initMCPFout                                 text6        001876
__end_of_initOSC                                     text5        001A22
__end_of_initTimer                                   text3        001A0A
__end_of_isdigit                                     text35       0019D4
__end_of_main                                        text0        00153E
__end_of_powerPulseCheck                             text2        000C34
__end_of_process_data                                text21       00183E
__end_of_process_data_parameterize                   text37       000AF0
__end_of_process_data_parameters                     text22       000978
__end_of_pulseFoutPassThru                           text1        0019B4
__end_of_receive_data                                text19       001108
__end_of_resetCommunications                         text13       0012E2
__end_of_send_data                                   text11       001372
__end_of_send_end_of_transmission                    text25       001A38
__end_of_strcmp2                                     text24       000D78
__end_of_strmatch                                    text23       0018D8
__end_of_ultoa                                       text28       000E7E
__end_of_utoa                                        text16       0011AC
__initialization                                     cinit        001970
__mediumconst                                        mediumconst  000000
__pbssBANK0                                          bssBANK0     000060
__pbssCOMRAM                                         bssCOMRAM    00003A
__pcinit                                             cinit        001970
__pcstackBANK0                                       cstackBANK0  0000B4
__pcstackCOMRAM                                      cstackCOMRAM 000001
__pintcode                                           intcode      000008
__psmallconst                                        smallconst   000600
__ptext0                                             text0        0014DE
__ptext1                                             text1        001992
__ptext10                                            text10       000F82
__ptext11                                            text11       0012E2
__ptext12                                            text12       0019D4
__ptext13                                            text13       00124A
__ptext14                                            text14       001900
__ptext15                                            text15       001778
__ptext16                                            text16       001108
__ptext17                                            text17       0017BA
__ptext18                                            text18       001640
__ptext19                                            text19       001046
__ptext2                                             text2        000AF0
__ptext20                                            text20       0018D8
__ptext21                                            text21       0017FC
__ptext22                                            text22       000660
__ptext23                                            text23       0018A8
__ptext24                                            text24       000C34
__ptext25                                            text25       001A22
__ptext26                                            text26       00153E
__ptext27                                            text27       00172E
__ptext28                                            text28       000D78
__ptext29                                            text29       001478
__ptext3                                             text3        0019F2
__ptext30                                            text30       0013F6
__ptext31                                            text31       0011AC
__ptext32                                            text32       001372
__ptext33                                            text33       001594
__ptext34                                            text34       000E7E
__ptext35                                            text35       0019B4
__ptext36                                            text36       0015EA
__ptext37                                            text37       000978
__ptext38                                            text38       001926
__ptext39                                            text39       001692
__ptext4                                             text4        001A38
__ptext5                                             text5        001A0A
__ptext6                                             text6        00183E
__ptext7                                             text7        001876
__ptext8                                             text8        0016E2
__ptext9                                             text9        00194C
__ramtop                                             ramtop       000600
__size_of_SPISlaveInit                               (abs)        000000
__size_of_SPI_receive_data                           (abs)        000000
__size_of_SPI_send_data                              (abs)        000000
__size_of_Timer0_ISR                                 (abs)        000000
__size_of___lldiv                                    (abs)        000000
__size_of___llmod                                    (abs)        000000
__size_of___lmul                                     (abs)        000000
__size_of___lwdiv                                    (abs)        000000
__size_of___lwmod                                    (abs)        000000
__size_of___wmul                                     (abs)        000000
__size_of_atol                                       (abs)        000000
__size_of_com_command_setEnergyUsed                  (abs)        000000
__size_of_com_command_setPower                       (abs)        000000
__size_of_com_command_setVersion                     (abs)        000000
__size_of_command_builder1                           (abs)        000000
__size_of_command_builder3                           (abs)        000000
__size_of_command_builder_add_char                   (abs)        000000
__size_of_command_builder_add_string                 (abs)        000000
__size_of_communications                             (abs)        000000
__size_of_delayMS10                                  (abs)        000000
__size_of_init                                       (abs)        000000
__size_of_initIO                                     (abs)        000000
__size_of_initInterruptsClear                        (abs)        000000
__size_of_initMCPFout                                (abs)        000000
__size_of_initOSC                                    (abs)        000000
__size_of_initTimer                                  (abs)        000000
__size_of_isdigit                                    (abs)        000000
__size_of_main                                       (abs)        000000
__size_of_powerPulseCheck                            (abs)        000000
__size_of_process_data                               (abs)        000000
__size_of_process_data_parameterize                  (abs)        000000
__size_of_process_data_parameters                    (abs)        000000
__size_of_pulseFoutPassThru                          (abs)        000000
__size_of_receive_data                               (abs)        000000
__size_of_resetCommunications                        (abs)        000000
__size_of_send_data                                  (abs)        000000
__size_of_send_end_of_transmission                   (abs)        000000
__size_of_strcmp2                                    (abs)        000000
__size_of_strmatch                                   (abs)        000000
__size_of_ultoa                                      (abs)        000000
__size_of_utoa                                       (abs)        000000
__smallconst                                         smallconst   000600
__stringdata                                         smallconst   000601
_atol                                                text34       000E7E
_com_command_setEnergyUsed                           text27       00172E
_com_command_setPower                                text15       001778
_com_command_setVersion                              text14       001900
_command_builder1                                    text26       00153E
_command_builder3                                    text31       0011AC
_command_builder_add_char                            text33       001594
_command_builder_add_string                          text32       001372
_communications                                      text10       000F82
_delayMS10                                           text7        001876
_init                                                text4        001A38
_initIO                                              text9        00194C
_initInterruptsClear                                 text8        0016E2
_initMCPFout                                         text6        00183E
_initOSC                                             text5        001A0A
_initTimer                                           text3        0019F2
_isdigit                                             text35       0019B4
_isdigit$2569                                        cstackCOMRAM 000010
_main                                                text0        0014DE
_meterEnergyUsed                                     bssCOMRAM    00003A
_meterWatts                                          bssCOMRAM    00003E
_powerPulseCheck                                     text2        000AF0
_process_data                                        text21       0017FC
_process_data_parameterize                           text37       000978
_process_data_parameters                             text22       000660
_pulseFoutPassThru                                   text1        001992
_receive_data                                        text19       001046
_resetCommunications                                 text13       00124A
_send_data                                           text11       0012E2
_send_end_of_transmission                            text25       001A22
_strcmp2                                             text24       000C34
_strmatch                                            text23       0018A8
_timerCountHF                                        bssCOMRAM    00004A
_timerCountLF                                        bssCOMRAM    00004E
_ultoa                                               text28       000D78
_utoa                                                text16       001108
atol@a                                               cstackCOMRAM 000025
atol@c                                               cstackCOMRAM 000029
atol@s                                               cstackCOMRAM 00001B
atol@sign                                            cstackCOMRAM 000024
com_command_setEnergyUsed@send_buffer                cstackCOMRAM 00002D
com_command_setEnergyUsed@temp                       cstackCOMRAM 00002F
com_command_setPower@send_buffer                     cstackCOMRAM 000023
com_command_setPower@temp                            cstackCOMRAM 000025
com_command_setVersion@send_buffer                   cstackCOMRAM 000023
command_builder1@data1                               cstackCOMRAM 00001D
command_builder1@send_buffer                         cstackCOMRAM 00001B
command_builder3@data1                               cstackCOMRAM 00001D
command_builder3@data2                               cstackCOMRAM 00001F
command_builder3@data3                               cstackCOMRAM 000021
command_builder3@send_buffer                         cstackCOMRAM 00001B
command_builder_add_char@data                        cstackCOMRAM 000011
command_builder_add_char@send_buffer                 cstackCOMRAM 00000F
command_builder_add_string@data_string               cstackCOMRAM 000015
command_builder_add_string@inx                       cstackCOMRAM 000019
command_builder_add_string@send_buffer               cstackCOMRAM 000013
communications@end_of_transmission_received          bssCOMRAM    000043
communications@firstTime                             cstackBANK0  0000F0
communications@last_state_active                     bssCOMRAM    000044
communications@no_more_to_send                       cstackBANK0  0000EF
communications@receive_buffer                        bssBANK0     000060
communications@receive_current_state                 bssCOMRAM    000045
communications@send_buffer                           bssBANK0     00008A
delayMS10@count                                      cstackCOMRAM 00000F
delayMS10@inx                                        cstackCOMRAM 000012
end_of_initialization                                cinit        001988
intlevel0                                            text         000000
intlevel1                                            text         000000
intlevel2                                            text         000000
intlevel3                                            text         000000
isdigit@c                                            cstackCOMRAM 000011
main@inx                                             cstackBANK0  0000F1
powerPulseCheck@checkWattsHFvsLF                     cstackCOMRAM 000022
powerPulseCheck@mcpHFoutLast                         bssCOMRAM    000046
powerPulseCheck@mcpLFoutLast                         bssCOMRAM    000047
powerPulseCheck@meterWattsHF                         cstackCOMRAM 000023
powerPulseCheck@meterWattsLF                         cstackCOMRAM 000020
process_data@end_of_transmission_received            cstackBANK0  0000ED
process_data@parameters                              cstackBANK0  0000BB
process_data@receive_buffer                          cstackBANK0  0000B7
process_data@send_buffer                             cstackBANK0  0000B9
process_data_parameterize@buffer_to_parameterize     cstackCOMRAM 000017
process_data_parameterize@inx                        cstackCOMRAM 00001C
process_data_parameterize@parameter_index            cstackCOMRAM 00001E
process_data_parameterize@parameter_position         cstackCOMRAM 00001F
process_data_parameterize@parameters                 cstackCOMRAM 000015
process_data_parameters@end_of_transmission_received cstackBANK0  0000B6
process_data_parameters@parameters                   cstackCOMRAM 000036
process_data_parameters@send_buffer                  cstackCOMRAM 000038
pulseFoutPassThru@runonce                            bssCOMRAM    000048
receive_data@data                                    cstackCOMRAM 000015
receive_data@my_status                               bssCOMRAM    000049
receive_data@receive_buffer                          cstackCOMRAM 000012
resetCommunications@commState                        bssCOMRAM    000040
resetCommunications@send_buffer                      cstackCOMRAM 000036
send_data@send_buffer                                cstackCOMRAM 000011
send_data@send_end                                   cstackCOMRAM 000015
send_end_of_transmission@send_buffer                 cstackCOMRAM 00001F
stackhi                                              (abs)        0005FF
stacklo                                              (abs)        0000F3
start                                                init         00009C
start_initialization                                 cinit        001970
strcmp2@a                                            cstackCOMRAM 00000F
strcmp2@b                                            cstackCOMRAM 000011
strcmp2@inx                                          cstackCOMRAM 000018
strcmp2@match                                        cstackCOMRAM 000016
strmatch@a                                           cstackCOMRAM 00001A
strmatch@b                                           cstackCOMRAM 00001C
strmatch@match                                       cstackCOMRAM 000020
strmatch@result                                      cstackCOMRAM 00001E
ultoa@base                                           cstackCOMRAM 000022
ultoa@buf                                            cstackCOMRAM 00001C
ultoa@c                                              cstackCOMRAM 00002C
ultoa@v                                              cstackCOMRAM 000028
ultoa@val                                            cstackCOMRAM 00001E
utoa@base                                            cstackCOMRAM 00001A
utoa@buf                                             cstackCOMRAM 000016
utoa@c                                               cstackCOMRAM 00001E
utoa@v                                               cstackCOMRAM 00001C
utoa@val                                             cstackCOMRAM 000018


FUNCTION INFORMATION:

 *************** function _main *****************
 Defined at:
		line 79 in file "Current_Sense_Main.c"
 Parameters:    Size  Location     Type
		None
 Auto vars:     Size  Location     Type
  inx             2   61[BANK0 ] int 
 Return value:  Size  Location     Type
		None               void
 Registers used:
		wreg, fsr1l, fsr1h, fsr2l, fsr2h, status,2, status,0, tblptrl, tblptrh, tblptru, prodl, prodh, cstack
 Tracked objects:
		On entry : 
		On exit  : 
		Unchanged: 
 Data sizes:     COMRAM   BANK0   BANK1   BANK2   BANK3   BANK4   BANK5
      Params:         0       0       0       0       0       0       0
      Locals:         0       2       0       0       0       0       0
      Temps:          0       0       0       0       0       0       0
      Totals:         0       2       0       0       0       0       0
Total ram usage:        2 bytes
 Hardware stack levels required when called:    8
 This function calls:
		_communications
		_delayMS10
		_init
		_initTimer
		_powerPulseCheck
		_pulseFoutPassThru
 This function is called by:
		Startup code after reset
 This function uses a non-reentrant model


 *************** function _pulseFoutPassThru *****************
 Defined at:
		line 169 in file "Current_Sense_Main.c"
 Parameters:    Size  Location     Type
		None
 Auto vars:     Size  Location     Type
		None
 Return value:  Size  Location     Type
		None               void
 Registers used:
		wreg, status,2
 Tracked objects:
		On entry : 
		On exit  : 
		Unchanged: 
 Data sizes:     COMRAM   BANK0   BANK1   BANK2   BANK3   BANK4   BANK5
      Params:         0       0       0       0       0       0       0
      Locals:         0       0       0       0       0       0       0
      Temps:          0       0       0       0       0       0       0
      Totals:         0       0       0       0       0       0       0
Total ram usage:        0 bytes
 Hardware stack levels used:    1
 Hardware stack levels required when called:    1
 This function calls:
		Nothing
 This function is called by:
		_main
 This function uses a non-reentrant model


 *************** function _powerPulseCheck *****************
 Defined at:
		line 213 in file "Current_Sense_Main.c"
 Parameters:    Size  Location     Type
		None
 Auto vars:     Size  Location     Type
  meterWattsHF    2   34[COMRAM] int 
  meterWattsLF    2   31[COMRAM] int 
  checkWattsHF    1   33[COMRAM] unsigned char 
 Return value:  Size  Location     Type
		None               void
 Registers used:
		wreg, status,2, status,0, prodl, cstack
 Tracked objects:
		On entry : 
		On exit  : 
		Unchanged: 
 Data sizes:     COMRAM   BANK0   BANK1   BANK2   BANK3   BANK4   BANK5
      Params:         0       0       0       0       0       0       0
      Locals:         5       0       0       0       0       0       0
      Temps:          4       0       0       0       0       0       0
      Totals:         9       0       0       0       0       0       0
Total ram usage:        9 bytes
 Hardware stack levels used:    1
 Hardware stack levels required when called:    2
 This function calls:
		___lldiv
 This function is called by:
		_main
 This function uses a non-reentrant model


 *************** function _initTimer *****************
 Defined at:
		line 394 in file "Current_Sense_Main.c"
 Parameters:    Size  Location     Type
		None
 Auto vars:     Size  Location     Type
		None
 Return value:  Size  Location     Type
		None               void
 Registers used:
		wreg, status,2
 Tracked objects:
		On entry : 
		On exit  : 
		Unchanged: 
 Data sizes:     COMRAM   BANK0   BANK1   BANK2   BANK3   BANK4   BANK5
      Params:         0       0       0       0       0       0       0
      Locals:         0       0       0       0       0       0       0
      Temps:          0       0       0       0       0       0       0
      Totals:         0       0       0       0       0       0       0
Total ram usage:        0 bytes
 Hardware stack levels used:    1
 Hardware stack levels required when called:    1
 This function calls:
		Nothing
 This function is called by:
		_main
 This function uses a non-reentrant model


 *************** function _init *****************
 Defined at:
		line 318 in file "Current_Sense_Main.c"
 Parameters:    Size  Location     Type
		None
 Auto vars:     Size  Location     Type
		None
 Return value:  Size  Location     Type
		None               void
 Registers used:
		wreg, status,2, status,0, cstack
 Tracked objects:
		On entry : 
		On exit  : 
		Unchanged: 
 Data sizes:     COMRAM   BANK0   BANK1   BANK2   BANK3   BANK4   BANK5
      Params:         0       0       0       0       0       0       0
      Locals:         0       0       0       0       0       0       0
      Temps:          0       0       0       0       0       0       0
      Totals:         0       0       0       0       0       0       0
Total ram usage:        0 bytes
 Hardware stack levels used:    1
 Hardware stack levels required when called:    3
 This function calls:
		_initIO
		_initInterruptsClear
		_initMCPFout
		_initOSC
 This function is called by:
		_main
 This function uses a non-reentrant model


 *************** function _initOSC *****************
 Defined at:
		line 328 in file "Current_Sense_Main.c"
 Parameters:    Size  Location     Type
		None
 Auto vars:     Size  Location     Type
		None
 Return value:  Size  Location     Type
		None               void
 Registers used:
		wreg, status,2
 Tracked objects:
		On entry : 
		On exit  : 
		Unchanged: 
 Data sizes:     COMRAM   BANK0   BANK1   BANK2   BANK3   BANK4   BANK5
      Params:         0       0       0       0       0       0       0
      Locals:         0       0       0       0       0       0       0
      Temps:          0       0       0       0       0       0       0
      Totals:         0       0       0       0       0       0       0
Total ram usage:        0 bytes
 Hardware stack levels used:    1
 Hardware stack levels required when called:    1
 This function calls:
		Nothing
 This function is called by:
		_init
 This function uses a non-reentrant model


 *************** function _initMCPFout *****************
 Defined at:
		line 411 in file "Current_Sense_Main.c"
 Parameters:    Size  Location     Type
		None
 Auto vars:     Size  Location     Type
		None
 Return value:  Size  Location     Type
		None               void
 Registers used:
		wreg, status,2, status,0, cstack
 Tracked objects:
		On entry : 
		On exit  : 
		Unchanged: 
 Data sizes:     COMRAM   BANK0   BANK1   BANK2   BANK3   BANK4   BANK5
      Params:         0       0       0       0       0       0       0
      Locals:         0       0       0       0       0       0       0
      Temps:          1       0       0       0       0       0       0
      Totals:         1       0       0       0       0       0       0
Total ram usage:        1 bytes
 Hardware stack levels used:    1
 Hardware stack levels required when called:    2
 This function calls:
		_delayMS10
 This function is called by:
		_init
 This function uses a non-reentrant model


 *************** function _delayMS10 *****************
 Defined at:
		line 309 in file "Current_Sense_Main.c"
 Parameters:    Size  Location     Type
  count           2   14[COMRAM] int 
 Auto vars:     Size  Location     Type
  inx             2   17[COMRAM] int 
 Return value:  Size  Location     Type
		None               void
 Registers used:
		wreg, status,2, status,0
 Tracked objects:
		On entry : 
		On exit  : 
		Unchanged: 
 Data sizes:     COMRAM   BANK0   BANK1   BANK2   BANK3   BANK4   BANK5
      Params:         2       0       0       0       0       0       0
      Locals:         2       0       0       0       0       0       0
      Temps:          1       0       0       0       0       0       0
      Totals:         5       0       0       0       0       0       0
Total ram usage:        5 bytes
 Hardware stack levels used:    1
 Hardware stack levels required when called:    1
 This function calls:
		Nothing
 This function is called by:
		_main
		_initMCPFout
 This function uses a non-reentrant model


 *************** function _initInterruptsClear *****************
 Defined at:
		line 365 in file "Current_Sense_Main.c"
 Parameters:    Size  Location     Type
		None
 Auto vars:     Size  Location     Type
		None
 Return value:  Size  Location     Type
		None               void
 Registers used:
		wreg, status,2
 Tracked objects:
		On entry : 
		On exit  : 
		Unchanged: 
 Data sizes:     COMRAM   BANK0   BANK1   BANK2   BANK3   BANK4   BANK5
      Params:         0       0       0       0       0       0       0
      Locals:         0       0       0       0       0       0       0
      Temps:          0       0       0       0       0       0       0
      Totals:         0       0       0       0       0       0       0
Total ram usage:        0 bytes
 Hardware stack levels used:    1
 Hardware stack levels required when called:    1
 This function calls:
		Nothing
 This function is called by:
		_init
 This function uses a non-reentrant model


 *************** function _initIO *****************
 Defined at:
		line 345 in file "Current_Sense_Main.c"
 Parameters:    Size  Location     Type
		None
 Auto vars:     Size  Location     Type
		None
 Return value:  Size  Location     Type
		None               void
 Registers used:
		wreg, status,2
 Tracked objects:
		On entry : 
		On exit  : 
		Unchanged: 
 Data sizes:     COMRAM   BANK0   BANK1   BANK2   BANK3   BANK4   BANK5
      Params:         0       0       0       0       0       0       0
      Locals:         0       0       0       0       0       0       0
      Temps:          0       0       0       0       0       0       0
      Totals:         0       0       0       0       0       0       0
Total ram usage:        0 bytes
 Hardware stack levels used:    1
 Hardware stack levels required when called:    1
 This function calls:
		Nothing
 This function is called by:
		_init
 This function uses a non-reentrant model


 *************** function _communications *****************
 Defined at:
		line 89 in file "SlaveComm_PIC18.c"
 Parameters:    Size  Location     Type
  firstTime       1    wreg     unsigned char 
 Auto vars:     Size  Location     Type
  firstTime       1   60[BANK0 ] unsigned char 
  no_more_to_s    1   59[BANK0 ] unsigned char 
 Return value:  Size  Location     Type
		None               void
 Registers used:
		wreg, fsr1l, fsr1h, fsr2l, fsr2h, status,2, status,0, tblptrl, tblptrh, tblptru, prodl, prodh, cstack
 Tracked objects:
		On entry : 
		On exit  : 
		Unchanged: 
 Data sizes:     COMRAM   BANK0   BANK1   BANK2   BANK3   BANK4   BANK5
      Params:         0       0       0       0       0       0       0
      Locals:         0       2       0       0       0       0       0
      Temps:          0       1       0       0       0       0       0
      Totals:         0       3       0       0       0       0       0
Total ram usage:        3 bytes
 Hardware stack levels used:    1
 Hardware stack levels required when called:    7
 This function calls:
		_SPISlaveInit
		_process_data
		_receive_data
		_resetCommunications
		_send_data
 This function is called by:
		_main
 This function uses a non-reentrant model


 *************** function _send_data *****************
 Defined at:
		line 485 in file "SlaveComm_PIC18.c"
 Parameters:    Size  Location     Type
  send_buffer     2   16[COMRAM] PTR struct buffer
		 -> communications@send_buffer(42), 
 Auto vars:     Size  Location     Type
  send_end        1   20[COMRAM] unsigned char 
 Return value:  Size  Location     Type
                  1    wreg      unsigned char 
 Registers used:
		wreg, fsr1l, fsr1h, fsr2l, fsr2h, status,2, status,0, prodl, prodh, cstack
 Tracked objects:
		On entry : 
		On exit  : 
		Unchanged: 
 Data sizes:     COMRAM   BANK0   BANK1   BANK2   BANK3   BANK4   BANK5
      Params:         2       0       0       0       0       0       0
      Locals:         1       0       0       0       0       0       0
      Temps:          2       0       0       0       0       0       0
      Totals:         5       0       0       0       0       0       0
Total ram usage:        5 bytes
 Hardware stack levels used:    1
 Hardware stack levels required when called:    2
 This function calls:
		_SPI_send_data
 This function is called by:
		_communications
 This function uses a non-reentrant model


 *************** function _SPI_send_data *****************
 Defined at:
		line 583 in file "SlaveComm_PIC18.c"
 Parameters:    Size  Location     Type
  data            1    wreg     unsigned char 
 Auto vars:     Size  Location     Type
  data            1   14[COMRAM] unsigned char 
  sendGood        1   15[COMRAM] unsigned char 
 Return value:  Size  Location     Type
                  1    wreg      unsigned char 
 Registers used:
		wreg, status,2
 Tracked objects:
		On entry : 
		On exit  : 
		Unchanged: 
 Data sizes:     COMRAM   BANK0   BANK1   BANK2   BANK3   BANK4   BANK5
      Params:         0       0       0       0       0       0       0
      Locals:         2       0       0       0       0       0       0
      Temps:          0       0       0       0       0       0       0
      Totals:         2       0       0       0       0       0       0
Total ram usage:        2 bytes
 Hardware stack levels used:    1
 Hardware stack levels required when called:    1
 This function calls:
		Nothing
 This function is called by:
		_send_data
 This function uses a non-reentrant model


 *************** function _resetCommunications *****************
 Defined at:
		line 152 in file "SlaveComm_PIC18.c"
 Parameters:    Size  Location     Type
  send_buffer     2   53[COMRAM] PTR struct buffer
		 -> communications@send_buffer(42), 
 Auto vars:     Size  Location     Type
		None
 Return value:  Size  Location     Type
		None               void
 Registers used:
		wreg, fsr1l, fsr1h, fsr2l, fsr2h, status,2, status,0, tblptrl, tblptrh, tblptru, prodl, prodh, cstack
 Tracked objects:
		On entry : 
		On exit  : 
		Unchanged: 
 Data sizes:     COMRAM   BANK0   BANK1   BANK2   BANK3   BANK4   BANK5
      Params:         2       0       0       0       0       0       0
      Locals:         0       0       0       0       0       0       0
      Temps:          2       0       0       0       0       0       0
      Totals:         4       0       0       0       0       0       0
Total ram usage:        4 bytes
 Hardware stack levels used:    1
 Hardware stack levels required when called:    5
 This function calls:
		_com_command_setEnergyUsed
		_com_command_setPower
		_com_command_setVersion
 This function is called by:
		_communications
 This function uses a non-reentrant model


 *************** function _com_command_setVersion *****************
 Defined at:
		line 666 in file "SlaveComm_PIC18.c"
 Parameters:    Size  Location     Type
  send_buffer     2   34[COMRAM] PTR struct buffer
		 -> communications@send_buffer(42), 
 Auto vars:     Size  Location     Type
		None
 Return value:  Size  Location     Type
		None               void
 Registers used:
		wreg, fsr1l, fsr1h, fsr2l, fsr2h, status,2, status,0, tblptrl, tblptrh, tblptru, prodl, prodh, cstack
 Tracked objects:
		On entry : 
		On exit  : 
		Unchanged: 
 Data sizes:     COMRAM   BANK0   BANK1   BANK2   BANK3   BANK4   BANK5
      Params:         2       0       0       0       0       0       0
      Locals:         0       0       0       0       0       0       0
      Temps:          0       0       0       0       0       0       0
      Totals:         2       0       0       0       0       0       0
Total ram usage:        2 bytes
 Hardware stack levels used:    1
 Hardware stack levels required when called:    4
 This function calls:
		_command_builder3
 This function is called by:
		_resetCommunications
 This function uses a non-reentrant model


 *************** function _com_command_setPower *****************
 Defined at:
		line 618 in file "SlaveComm_PIC18.c"
 Parameters:    Size  Location     Type
  send_buffer     2   34[COMRAM] PTR struct buffer
		 -> communications@send_buffer(42), 
 Auto vars:     Size  Location     Type
  temp            7   36[COMRAM] unsigned char [7]
 Return value:  Size  Location     Type
		None               void
 Registers used:
		wreg, fsr1l, fsr1h, fsr2l, fsr2h, status,2, status,0, tblptrl, tblptrh, tblptru, prodl, prodh, cstack
 Tracked objects:
		On entry : 
		On exit  : 
		Unchanged: 
 Data sizes:     COMRAM   BANK0   BANK1   BANK2   BANK3   BANK4   BANK5
      Params:         2       0       0       0       0       0       0
      Locals:         7       0       0       0       0       0       0
      Temps:          0       0       0       0       0       0       0
      Totals:         9       0       0       0       0       0       0
Total ram usage:        9 bytes
 Hardware stack levels used:    1
 Hardware stack levels required when called:    4
 This function calls:
		_command_builder3
		_utoa
 This function is called by:
		_resetCommunications
 This function uses a non-reentrant model


 *************** function _utoa *****************
 Defined at:
		line 17 in file "C:\Program Files (x86)\Microchip\xc8\v1.33\sources\common\itoa.c"
 Parameters:    Size  Location     Type
  buf             2   21[COMRAM] PTR unsigned char 
		 -> com_command_setPower@temp(7), 
  val             2   23[COMRAM] unsigned int 
  base            2   25[COMRAM] int 
 Auto vars:     Size  Location     Type
  v               2   27[COMRAM] unsigned int 
  c               1   29[COMRAM] unsigned char 
 Return value:  Size  Location     Type
                  2   21[COMRAM] PTR unsigned char 
 Registers used:
		wreg, fsr2l, fsr2h, status,2, status,0, cstack
 Tracked objects:
		On entry : 
		On exit  : 
		Unchanged: 
 Data sizes:     COMRAM   BANK0   BANK1   BANK2   BANK3   BANK4   BANK5
      Params:         6       0       0       0       0       0       0
      Locals:         3       0       0       0       0       0       0
      Temps:          0       0       0       0       0       0       0
      Totals:         9       0       0       0       0       0       0
Total ram usage:        9 bytes
 Hardware stack levels used:    1
 Hardware stack levels required when called:    2
 This function calls:
		___lwdiv
		___lwmod
 This function is called by:
		_com_command_setPower
 This function uses a non-reentrant model


 *************** function ___lwmod *****************
 Defined at:
		line 8 in file "C:\Program Files (x86)\Microchip\xc8\v1.33\sources\common\lwmod.c"
 Parameters:    Size  Location     Type
  dividend        2   14[COMRAM] unsigned int 
  divisor         2   16[COMRAM] unsigned int 
 Auto vars:     Size  Location     Type
  counter         1   18[COMRAM] unsigned char 
 Return value:  Size  Location     Type
                  2   14[COMRAM] unsigned int 
 Registers used:
		wreg, status,2, status,0
 Tracked objects:
		On entry : 
		On exit  : 
		Unchanged: 
 Data sizes:     COMRAM   BANK0   BANK1   BANK2   BANK3   BANK4   BANK5
      Params:         4       0       0       0       0       0       0
      Locals:         1       0       0       0       0       0       0
      Temps:          0       0       0       0       0       0       0
      Totals:         5       0       0       0       0       0       0
Total ram usage:        5 bytes
 Hardware stack levels used:    1
 Hardware stack levels required when called:    1
 This function calls:
		Nothing
 This function is called by:
		_utoa
 This function uses a non-reentrant model


 *************** function ___lwdiv *****************
 Defined at:
		line 8 in file "C:\Program Files (x86)\Microchip\xc8\v1.33\sources\common\lwdiv.c"
 Parameters:    Size  Location     Type
  dividend        2   14[COMRAM] unsigned int 
  divisor         2   16[COMRAM] unsigned int 
 Auto vars:     Size  Location     Type
  quotient        2   19[COMRAM] unsigned int 
  counter         1   18[COMRAM] unsigned char 
 Return value:  Size  Location     Type
                  2   14[COMRAM] unsigned int 
 Registers used:
		wreg, status,2, status,0
 Tracked objects:
		On entry : 
		On exit  : 
		Unchanged: 
 Data sizes:     COMRAM   BANK0   BANK1   BANK2   BANK3   BANK4   BANK5
      Params:         4       0       0       0       0       0       0
      Locals:         3       0       0       0       0       0       0
      Temps:          0       0       0       0       0       0       0
      Totals:         7       0       0       0       0       0       0
Total ram usage:        7 bytes
 Hardware stack levels used:    1
 Hardware stack levels required when called:    1
 This function calls:
		Nothing
 This function is called by:
		_utoa
 This function uses a non-reentrant model


 *************** function _receive_data *****************
 Defined at:
		line 199 in file "SlaveComm_PIC18.c"
 Parameters:    Size  Location     Type
  receive_buff    2   17[COMRAM] PTR struct buffer
		 -> communications@receive_buffer(42), 
 Auto vars:     Size  Location     Type
  data            1   20[COMRAM] unsigned char 
 Return value:  Size  Location     Type
                  1    wreg      enum E7617
 Registers used:
		wreg, fsr2l, fsr2h, status,2, status,0, prodl, prodh, cstack
 Tracked objects:
		On entry : 
		On exit  : 
		Unchanged: 
 Data sizes:     COMRAM   BANK0   BANK1   BANK2   BANK3   BANK4   BANK5
      Params:         2       0       0       0       0       0       0
      Locals:         1       0       0       0       0       0       0
      Temps:          1       0       0       0       0       0       0
      Totals:         4       0       0       0       0       0       0
Total ram usage:        4 bytes
 Hardware stack levels used:    1
 Hardware stack levels required when called:    2
 This function calls:
		_SPI_receive_data
 This function is called by:
		_communications
 This function uses a non-reentrant model


 *************** function _SPI_receive_data *****************
 Defined at:
		line 562 in file "SlaveComm_PIC18.c"
 Parameters:    Size  Location     Type
  data            2   14[COMRAM] PTR unsigned char 
		 -> receive_data@data(1), 
 Auto vars:     Size  Location     Type
  recvGood        1   16[COMRAM] unsigned char 
 Return value:  Size  Location     Type
                  1    wreg      unsigned char 
 Registers used:
		wreg, fsr2l, fsr2h, status,2
 Tracked objects:
		On entry : 
		On exit  : 
		Unchanged: 
 Data sizes:     COMRAM   BANK0   BANK1   BANK2   BANK3   BANK4   BANK5
      Params:         2       0       0       0       0       0       0
      Locals:         1       0       0       0       0       0       0
      Temps:          0       0       0       0       0       0       0
      Totals:         3       0       0       0       0       0       0
Total ram usage:        3 bytes
 Hardware stack levels used:    1
 Hardware stack levels required when called:    1
 This function calls:
		Nothing
 This function is called by:
		_receive_data
 This function uses a non-reentrant model


[...]
		 -> com_command_setEnergyUsed@temp(7), 
  val             4   29[COMRAM] unsigned long 
  base            2   33[COMRAM] int 
 Auto vars:     Size  Location     Type
  v               4   39[COMRAM] unsigned long 
  c               1   43[COMRAM] unsigned char 
 Return value:  Size  Location     Type
                  2   27[COMRAM] PTR unsigned char 
 Registers used:
		wreg, fsr2l, fsr2h, status,2, status,0, cstack
 Tracked objects:
		On entry : 
		On exit  : 
		Unchanged: 
 Data sizes:     COMRAM   BANK0   BANK1   BANK2   BANK3   BANK4   BANK5
      Params:         8       0       0       0       0       0       0
      Locals:         5       0       0       0       0       0       0
      Temps:          4       0       0       0       0       0       0
      Totals:        17       0       0       0       0       0       0
Total ram usage:       17 bytes
 Hardware stack levels used:    1
 Hardware stack levels required when called:    2
 This function calls:
		___lldiv
		___llmod
 This function is called by:
		_com_command_setEnergyUsed
 This function uses a non-reentrant model


 *************** function ___llmod *****************
 Defined at:
		line 8 in file "C:\Program Files (x86)\Microchip\xc8\v1.33\sources\common\llmod.c"
 Parameters:    Size  Location     Type
  dividend        4   14[COMRAM] unsigned long 
  divisor         4   18[COMRAM] unsigned long 
 Auto vars:     Size  Location     Type
  counter         1   22[COMRAM] unsigned char 
 Return value:  Size  Location     Type
                  4   14[COMRAM] unsigned long 
 Registers used:
		wreg, status,2, status,0
 Tracked objects:
		On entry : 
		On exit  : 
		Unchanged: 
 Data sizes:     COMRAM   BANK0   BANK1   BANK2   BANK3   BANK4   BANK5
      Params:         8       0       0       0       0       0       0
      Locals:         1       0       0       0       0       0       0
      Temps:          0       0       0       0       0       0       0
      Totals:         9       0       0       0       0       0       0
Total ram usage:        9 bytes
 Hardware stack levels used:    1
 Hardware stack levels required when called:    1
 This function calls:
		Nothing
 This function is called by:
		_ultoa
 This function uses a non-reentrant model


 *************** function ___lldiv *****************
 Defined at:
		line 8 in file "C:\Program Files (x86)\Microchip\xc8\v1.33\sources\common\lldiv.c"
 Parameters:    Size  Location     Type
  dividend        4   14[COMRAM] unsigned long 
  divisor         4   18[COMRAM] unsigned long 
 Auto vars:     Size  Location     Type
  quotient        4   22[COMRAM] unsigned long 
  counter         1   26[COMRAM] unsigned char 
 Return value:  Size  Location     Type
                  4   14[COMRAM] unsigned long 
 Registers used:
		wreg, status,2, status,0
 Tracked objects:
		On entry : 
		On exit  : 
		Unchanged: 
 Data sizes:     COMRAM   BANK0   BANK1   BANK2   BANK3   BANK4   BANK5
      Params:         8       0       0       0       0       0       0
      Locals:         5       0       0       0       0       0       0
      Temps:          0       0       0       0       0       0       0
      Totals:        13       0       0       0       0       0       0
Total ram usage:       13 bytes
 Hardware stack levels used:    1
 Hardware stack levels required when called:    1
 This function calls:
		Nothing
 This function is called by:
		_powerPulseCheck
		_ultoa
 This function uses a non-reentrant model


 *************** function _command_builder3 *****************
 Defined at:
		line 430 in file "SlaveComm_PIC18.c"
 Parameters:    Size  Location     Type
  send_buffer     2   26[COMRAM] PTR struct buffer
		 -> communications@send_buffer(42), 
  data1           2   28[COMRAM] PTR unsigned char 
		 -> STR_38(4), STR_33(4), STR_30(4), STR_28(4), 
		 -> STR_26(4), STR_13(4), STR_9(4), 
  data2           2   30[COMRAM] PTR unsigned char 
		 -> STR_39(10), STR_34(5), STR_31(6), STR_29(7), 
		 -> STR_27(6), STR_14(5), STR_10(5), 
  data3           2   32[COMRAM] PTR unsigned char 
		 -> STR_40(4), STR_35(4), STR_32(4), com_command_setEnergyUsed@temp(7), 
		 -> com_command_setPower@temp(7), STR_15(3), STR_11(4), 
 Auto vars:     Size  Location     Type
		None
 Return value:  Size  Location     Type
		None               void
 Registers used:
		wreg, fsr1l, fsr1h, fsr2l, fsr2h, status,2, status,0, tblptrl, tblptrh, tblptru, prodl, prodh, cstack
 Tracked objects:
		On entry : 
		On exit  : 
		Unchanged: 
 Data sizes:     COMRAM   BANK0   BANK1   BANK2   BANK3   BANK4   BANK5
      Params:         8       0       0       0       0       0       0
      Locals:         0       0       0       0       0       0       0
      Temps:          0       0       0       0       0       0       0
      Totals:         8       0       0       0       0       0       0
Total ram usage:        8 bytes
 Hardware stack levels used:    1
 Hardware stack levels required when called:    3
 This function calls:
		_command_builder_add_char
		_command_builder_add_string
 This function is called by:
		_process_data_parameters
		_com_command_setPower
		_com_command_setEnergyUsed
		_com_command_setVersion
		_com_command_setVolts
		_com_command_setAmps
 This function uses a non-reentrant model


 *************** function _command_builder_add_string *****************
 Defined at:
		line 475 in file "SlaveComm_PIC18.c"
 Parameters:    Size  Location     Type
  send_buffer     2   18[COMRAM] PTR struct buffer
		 -> communications@send_buffer(42), 
  data_string     2   20[COMRAM] PTR unsigned char 
		 -> STR_40(4), STR_39(10), STR_38(4), STR_37(12), 
		 -> STR_36(5), STR_35(4), STR_34(5), STR_33(4), 
		 -> STR_32(4), STR_31(6), STR_30(4), STR_29(7), 
		 -> STR_28(4), com_command_setEnergyUsed@temp(7), STR_27(6), STR_26(4), 
		 -> com_command_setPower@temp(7), STR_25(5), STR_24(5), STR_23(4), 
		 -> STR_15(3), STR_14(5), STR_13(4), STR_11(4), 
		 -> STR_10(5), STR_9(4), 
 Auto vars:     Size  Location     Type
  inx             2   24[COMRAM] int 
 Return value:  Size  Location     Type
		None               void
 Registers used:
		wreg, fsr1l, fsr1h, fsr2l, fsr2h, status,2, status,0, tblptrl, tblptrh, tblptru, prodl, prodh, cstack
 Tracked objects:
		On entry : 
		On exit  : 
		Unchanged: 
 Data sizes:     COMRAM   BANK0   BANK1   BANK2   BANK3   BANK4   BANK5
      Params:         4       0       0       0       0       0       0
      Locals:         2       0       0       0       0       0       0
      Temps:          2       0       0       0       0       0       0
      Totals:         8       0       0       0       0       0       0
Total ram usage:        8 bytes
 Hardware stack levels used:    1
 Hardware stack levels required when called:    2
 This function calls:
		_command_builder_add_char
 This function is called by:
		_command_builder1
		_command_builder3
		_command_builder2
		_command_builder4
 This function uses a non-reentrant model


 *************** function _command_builder_add_char *****************
 Defined at:
		line 462 in file "SlaveComm_PIC18.c"
 Parameters:    Size  Location     Type
  send_buffer     2   14[COMRAM] PTR struct buffer
		 -> communications@send_buffer(42), 
  data            1   16[COMRAM] unsigned char 
 Auto vars:     Size  Location     Type
		None
 Return value:  Size  Location     Type
		None               void
 Registers used:
		wreg, fsr2l, fsr2h, status,2, status,0, prodl, prodh
 Tracked objects:
		On entry : 
		On exit  : 
		Unchanged: 
 Data sizes:     COMRAM   BANK0   BANK1   BANK2   BANK3   BANK4   BANK5
      Params:         3       0       0       0       0       0       0
      Locals:         0       0       0       0       0       0       0
      Temps:          1       0       0       0       0       0       0
      Totals:         4       0       0       0       0       0       0
Total ram usage:        4 bytes
 Hardware stack levels used:    1
 Hardware stack levels required when called:    1
 This function calls:
		Nothing
 This function is called by:
		_command_builder1
		_command_builder3
		_command_builder_add_string
		_command_builder2
		_command_builder4
 This function uses a non-reentrant model


 *************** function _atol *****************
 Defined at:
		line 5 in file "C:\Program Files (x86)\Microchip\xc8\v1.33\sources\common\atol.c"
 Parameters:    Size  Location     Type
  s               2   26[COMRAM] PTR const unsigned char 
		 -> process_data@parameters(50), 
 Auto vars:     Size  Location     Type
  a               4   36[COMRAM] long 
  c               1   40[COMRAM] unsigned char 
  sign            1   35[COMRAM] unsigned char 
 Return value:  Size  Location     Type
                  4   26[COMRAM] long 
 Registers used:
		wreg, fsr2l, fsr2h, status,2, status,0, cstack
 Tracked objects:
		On entry : 
		On exit  : 
		Unchanged: 
 Data sizes:     COMRAM   BANK0   BANK1   BANK2   BANK3   BANK4   BANK5
      Params:         4       0       0       0       0       0       0
      Locals:         6       0       0       0       0       0       0
      Temps:          5       0       0       0       0       0       0
      Totals:        15       0       0       0       0       0       0
Total ram usage:       15 bytes
 Hardware stack levels used:    1
 Hardware stack levels required when called:    2
 This function calls:
		___lmul
		_isdigit
 This function is called by:
		_process_data_parameters
 This function uses a non-reentrant model


 *************** function _isdigit *****************
 Defined at:
		line 8 in file "C:\Program Files (x86)\Microchip\xc8\v1.33\sources\common\isdigit.c"
 Parameters:    Size  Location     Type
  c               1    wreg     unsigned char 
 Auto vars:     Size  Location     Type
  c               1   16[COMRAM] unsigned char 
 Return value:  Size  Location     Type
		None               void
 Registers used:
		wreg, status,2, status,0
 Tracked objects:
		On entry : 
		On exit  : 
		Unchanged: 
 Data sizes:     COMRAM   BANK0   BANK1   BANK2   BANK3   BANK4   BANK5
      Params:         0       0       0       0       0       0       0
      Locals:         2       0       0       0       0       0       0
      Temps:          1       0       0       0       0       0       0
      Totals:         3       0       0       0       0       0       0
Total ram usage:        3 bytes
 Hardware stack levels used:    1
 Hardware stack levels required when called:    1
 This function calls:
		Nothing
 This function is called by:
		_atol
 This function uses a non-reentrant model


 *************** function ___lmul *****************
 Defined at:
		line 15 in file "C:\Program Files (x86)\Microchip\xc8\v1.33\sources\common\Umul32.c"
 Parameters:    Size  Location     Type
  multiplier      4   14[COMRAM] unsigned long 
  multiplicand    4   18[COMRAM] unsigned long 
 Auto vars:     Size  Location     Type
  product         4   22[COMRAM] unsigned long 
 Return value:  Size  Location     Type
                  4   14[COMRAM] unsigned long 
 Registers used:
		wreg, status,2, status,0
 Tracked objects:
		On entry : 
		On exit  : 
		Unchanged: 
 Data sizes:     COMRAM   BANK0   BANK1   BANK2   BANK3   BANK4   BANK5
      Params:         8       0       0       0       0       0       0
      Locals:         4       0       0       0       0       0       0
      Temps:          0       0       0       0       0       0       0
      Totals:        12       0       0       0       0       0       0
Total ram usage:       12 bytes
 Hardware stack levels used:    1
 Hardware stack levels required when called:    1
 This function calls:
		Nothing
 This function is called by:
		_atol
 This function uses a non-reentrant model


 *************** function _process_data_parameterize *****************
 Defined at:
		line 256 in file "SlaveComm_PIC18.c"
 Parameters:    Size  Location     Type
  parameters      2   20[COMRAM] PTR unsigned char [10]
		 -> process_data@parameters(50), 
  buffer_to_pa    2   22[COMRAM] PTR struct buffer
		 -> communications@receive_buffer(42), 
 Auto vars:     Size  Location     Type
  inx             2   27[COMRAM] int 
  parameter_po    1   30[COMRAM] unsigned char 
  parameter_in    1   29[COMRAM] unsigned char 
 Return value:  Size  Location     Type
		None               void
 Registers used:
		wreg, fsr1l, fsr1h, fsr2l, fsr2h, status,2, status,0, prodl, prodh, cstack
 Tracked objects:
		On entry : 
		On exit  : 
		Unchanged: 
 Data sizes:     COMRAM   BANK0   BANK1   BANK2   BANK3   BANK4   BANK5
      Params:         4       0       0       0       0       0       0
      Locals:         4       0       0       0       0       0       0
      Temps:          3       0       0       0       0       0       0
      Totals:        11       0       0       0       0       0       0
Total ram usage:       11 bytes
 Hardware stack levels used:    1
 Hardware stack levels required when called:    2
 This function calls:
		___wmul
 This function is called by:
		_process_data
 This function uses a non-reentrant model


 *************** function ___wmul *****************
 Defined at:
		line 15 in file "C:\Program Files (x86)\Microchip\xc8\v1.33\sources\common\Umul16.c"
 Parameters:    Size  Location     Type
  multiplier      2   14[COMRAM] unsigned int 
  multiplicand    2   16[COMRAM] unsigned int 
 Auto vars:     Size  Location     Type
  product         2   18[COMRAM] unsigned int 
 Return value:  Size  Location     Type
                  2   14[COMRAM] unsigned int 
 Registers used:
		wreg, status,2, status,0, prodl, prodh
 Tracked objects:
		On entry : 
		On exit  : 
		Unchanged: 
 Data sizes:     COMRAM   BANK0   BANK1   BANK2   BANK3   BANK4   BANK5
      Params:         4       0       0       0       0       0       0
      Locals:         2       0       0       0       0       0       0
      Temps:          0       0       0       0       0       0       0
      Totals:         6       0       0       0       0       0       0
Total ram usage:        6 bytes
 Hardware stack levels used:    1
 Hardware stack levels required when called:    1
 This function calls:
		Nothing
 This function is called by:
		_process_data_parameterize
 This function uses a non-reentrant model


 *************** function _SPISlaveInit *****************
 Defined at:
		line 672 in file "SlaveComm_PIC18.c"
 Parameters:    Size  Location     Type
		None
 Auto vars:     Size  Location     Type
		None
 Return value:  Size  Location     Type
		None               void
 Registers used:
		wreg, status,2
 Tracked objects:
		On entry : 
		On exit  : 
		Unchanged: 
 Data sizes:     COMRAM   BANK0   BANK1   BANK2   BANK3   BANK4   BANK5
      Params:         0       0       0       0       0       0       0
      Locals:         0       0       0       0       0       0       0
      Temps:          0       0       0       0       0       0       0
      Totals:         0       0       0       0       0       0       0
Total ram usage:        0 bytes
 Hardware stack levels used:    1
 Hardware stack levels required when called:    1
 This function calls:
		Nothing
 This function is called by:
		_communications
 This function uses a non-reentrant model


 *************** function _Timer0_ISR *****************
 Defined at:
		line 199 in file "Current_Sense_Main.c"
 Parameters:    Size  Location     Type
		None
 Auto vars:     Size  Location     Type
		None
 Return value:  Size  Location     Type
		None               void
 Registers used:
		wreg, status,2, status,0
 Tracked objects:
		On entry : 
		On exit  : 
		Unchanged: 
 Data sizes:     COMRAM   BANK0   BANK1   BANK2   BANK3   BANK4   BANK5
      Params:         0       0       0       0       0       0       0
      Locals:         0       0       0       0       0       0       0
      Temps:         14       0       0       0       0       0       0
      Totals:        14       0       0       0       0       0       0
Total ram usage:       14 bytes
 Hardware stack levels used:    1
 This function calls:
		Nothing
 This function is called by:
		Interrupt level 2
 This function uses a non-reentrant model



MODULE INFORMATION

Module		Function		Class		Link	Load	Size
C:\Program Files (x86)\Microchip\xc8\v1.33\sources\common\lwmod.c
		___lwmod       		CODE           	17BA	0000	66

C:\Program Files (x86)\Microchip\xc8\v1.33\sources\common\lwmod.c estimated size: 66

C:\Program Files (x86)\Microchip\xc8\v1.33\sources\common\Umul16.c
		___wmul        		CODE           	1926	0000	38

C:\Program Files (x86)\Microchip\xc8\v1.33\sources\common\Umul16.c estimated size: 38

C:\Program Files (x86)\Microchip\xc8\v1.33\sources\common\llmod.c
		___llmod       		CODE           	1478	0000	102

C:\Program Files (x86)\Microchip\xc8\v1.33\sources\common\llmod.c estimated size: 102

Current_Sense_Main.c
		_init          		CODE           	1A38	0000	18
		_Timer0_ISR    		CODE           	0008	0000	148
		_initOSC       		CODE           	1A0A	0000	24
		_main          		CODE           	14DE	0000	96
		_initInterrupts		CODE           	16E2	0000	76
		_initMCPFout   		CODE           	183E	0000	56
		_pulseFoutPassT		CODE           	1992	0000	34
		_initTimer     		CODE           	19F2	0000	24
		_powerPulseChec		CODE           	0AF0	0000	324
		_delayMS10     		CODE           	1876	0000	50
		_initIO        		CODE           	194C	0000	36

Current_Sense_Main.c estimated size: 886

C:\Program Files (x86)\Microchip\xc8\v1.33\sources\common\ltoa.c
		_ultoa         		CODE           	0D78	0000	262

C:\Program Files (x86)\Microchip\xc8\v1.33\sources\common\ltoa.c estimated size: 262

C:\Program Files (x86)\Microchip\xc8\v1.33\sources\common\Umul32.c
		___lmul        		CODE           	15EA	0000	86

C:\Program Files (x86)\Microchip\xc8\v1.33\sources\common\Umul32.c estimated size: 86

C:\Program Files (x86)\Microchip\xc8\v1.33\sources\common\lwdiv.c
		___lwdiv       		CODE           	1640	0000	82

C:\Program Files (x86)\Microchip\xc8\v1.33\sources\common\lwdiv.c estimated size: 82

C:\Program Files (x86)\Microchip\xc8\v1.33\sources\common\lldiv.c
		___lldiv       		CODE           	13F6	0000	130

C:\Program Files (x86)\Microchip\xc8\v1.33\sources\common\lldiv.c estimated size: 130

shared
		__stringdata   		SMALLCONST     	0601	0000	93
		__initializatio		CODE           	1970	0000	24

shared estimated size: 117

SlaveComm_PIC18.c
		_com_command_se		CODE           	1900	0000	38
		_communications		CODE           	0F82	0000	196
		_resetCommunica		CODE           	124A	0000	152
		_process_data  		CODE           	17FC	0000	66
		_SPISlaveInit  		CODE           	1692	0000	80
		_command_builde		CODE           	1594	0000	86
		_send_data     		CODE           	12E2	0000	144
		_SPI_send_data 		CODE           	19D4	0000	30
		_com_command_se		CODE           	1778	0000	66
		_SPI_receive_da		CODE           	18D8	0000	40
		_receive_data  		CODE           	1046	0000	194
		_process_data_p		CODE           	0660	0000	792
		_command_builde		CODE           	153E	0000	86
		_process_data_p		CODE           	0978	0000	376
		_command_builde		CODE           	11AC	0000	158
		_strmatch      		CODE           	18A8	0000	48
		_command_builde		CODE           	1372	0000	132
		_com_command_se		CODE           	172E	0000	74
		_strcmp2       		CODE           	0C34	0000	324
		_send_end_of_tr		CODE           	1A22	0000	22

SlaveComm_PIC18.c estimated size: 3104

C:\Program Files (x86)\Microchip\xc8\v1.33\sources\common\itoa.c
		_utoa          		CODE           	1108	0000	164

C:\Program Files (x86)\Microchip\xc8\v1.33\sources\common\itoa.c estimated size: 164

C:\Program Files (x86)\Microchip\xc8\v1.33\sources\common\atol.c
		_atol          		CODE           	0E7E	0000	260

C:\Program Files (x86)\Microchip\xc8\v1.33\sources\common\atol.c estimated size: 260

C:\Program Files (x86)\Microchip\xc8\v1.33\sources\common\isdigit.c
		_isdigit       		CODE           	19B4	0000	32

C:\Program Files (x86)\Microchip\xc8\v1.33\sources\common\isdigit.c estimated size: 32

