Microchip MPLAB XC8 Compiler V1.45 ()

Linker command line:

-W-3 --edf=C:\Program Files (x86)\Microchip\xc8\v1.45\dat\en_msgs.txt -cs \
  -h+dist/default/production\Current_Sense_2.2_Test.production.sym \
  --cmf=dist/default/production\Current_Sense_2.2_Test.production.cmf -z \
  -Q18F25K22 -oC:\Users\emms\AppData\Local\Temp\sfm8.2 \
  -Mdist/default/production/Current_Sense_2.2_Test.production.map -E1 \
  -ver=XC8 -ASTACK=012Ah-05ffh -pstack=STACK -ACODE=00h-07FFFh \
  -ACONST=00h-07FFFh -ASMALLCONST=0600h-06FFhx122 \
  -AMEDIUMCONST=0600h-07FFFh -ACOMRAM=01h-05Fh -AABS1=00h-05FFh \
  -ABIGRAM=01h-05FFh -ARAM=060h-0FFh,0100h-01FFhx5 -ABANK0=060h-0FFh \
  -ABANK1=0100h-01FFh -ABANK2=0200h-02FFh -ABANK3=0300h-03FFh \
  -ABANK4=0400h-04FFh -ABANK5=0500h-05FFh -ASFR=0F38h-0F5Fh,0F60h-0FFFh \
  -preset_vec=00h,intcode=08h,intcodelo,powerup,init -pramtop=0600h \
  -psmallconst=SMALLCONST -pmediumconst=MEDIUMCONST -pconst=CONST \
  -AFARRAM=00h-00h -ACONFIG=0300000h-030000Dh -pconfig=CONFIG \
  -AIDLOC=0200000h-0200007h -pidloc=IDLOC -AEEDATA=0F00000h-0F000FFh \
  -peeprom_data=EEDATA \
  -prdata=COMRAM,nvrram=COMRAM,nvbit=COMRAM,rbss=COMRAM,rbit=COMRAM \
  -pfarbss=FARRAM,fardata=FARRAM,nvFARRAM=FARRAM \
  -pintsave_regs=BIGRAM,bigbss=BIGRAM,bigdata=BIGRAM -pbss=RAM \
  -pidata=CODE,irdata=CODE,ibigdata=CODE,ifardata=CODE -prparam=COMRAM \
  C:\Users\emms\AppData\Local\Temp\sfm8.obj \
  dist/default/production\Current_Sense_2.2_Test.production.obj 

Object code version is 3.11

Machine type is 18F25K22

Call graph: (short form)




                Name                               Link     Load   Length Selector   Space Scale
C:\Users\emms\AppData\Local\Temp\sfm8.obj
                init                                 C0       C0        4        4       0
                reset_vec                             0        0        4        0       0
                idloc                            200000   200000        8   200000       0
                config                           300000   300000        E   300000       0
dist/default/production\Current_Sense_2.2_Test.production.obj
                intcode                               8        8       B8        4       0
                temp                                 4D       4D        1        1       1
                smallconst                          600      600       60      300       0
                text33                             1788     1788       48      330       0
                text32                             18B0     18B0       26      330       0
                text31                              B62      B62      180      330       0
                text30                             1654     1654       56      330       0
                text29                             18F6     18F6       1E      330       0
                text28                              F04      F04       F4      330       0
                text27                             15FE     15FE       56      330       0
                text26                             1454     1454       7C      330       0
                text25                             116E     116E       9E      330       0
                text24                             13D2     13D2       82      330       0
                text23                             1542     1542       66      330       0
                text22                              E0E      E0E       F6      330       0
                text21                             173E     173E       4A      330       0
                text20                             15A8     15A8       56      330       0
                text19                             1944     1944       16      330       0
                text18                              CE2      CE2      12C      330       0
                text17                             1832     1832       30      330       0
                text16                              660      660      2A6      330       0
                text15                             1802     1802       30      330       0
                text14                             1862     1862       28      330       0
                text13                              FF8      FF8       C0      330       0
                text12                             16F4     16F4       4A      330       0
                text11                             188A     188A       26      330       0
                text10                             120C     120C       9C      330       0
                text9                              18D6     18D6       20      330       0
                text8                              1342     1342       90      330       0
                text7                              12A8     12A8       9A      330       0
                text6                              17D0     17D0       32      330       0
                text5                              192C     192C       18      330       0
                text4                              1962     1962        6      330       0
                text3                              1914     1914       18      330       0
                text2                               906      906      25C      330       0
                text1                              16AA     16AA       4A      330       0
                text0                              10B8     10B8       B6      330       0
                cstackCOMRAM                          1        1       35        1       1
                cstackBANK0                          60       60       44       60       1
                bssBANK1                            100      100       2A      100       1
                dataBANK0                            E4       E4        8       60       1
                bssBANK0                             A4       A4       40       60       1
                dataCOMRAM                           48       48        5        1       1
                bssCOMRAM                            36       36       12        1       1
                cinit                              14D0     14D0       72      330       0
                idataBANK0                         195A     195A        8      330       0
                idataCOMRAM                        1968     1968        5      330       0

TOTAL           Name                               Link     Load   Length     Space
        CLASS   STACK          

        CLASS   CODE           
                intcode                               8        8       B8         0
                init                                 C0       C0        4         0
                reset_vec                             0        0        4         0
                text33                             1788     1788       48         0
                text32                             18B0     18B0       26         0
                text31                              B62      B62      180         0
                text30                             1654     1654       56         0
                text29                             18F6     18F6       1E         0
                text28                              F04      F04       F4         0
                text27                             15FE     15FE       56         0
                text26                             1454     1454       7C         0
                text25                             116E     116E       9E         0
                text24                             13D2     13D2       82         0
                text23                             1542     1542       66         0
                text22                              E0E      E0E       F6         0
                text21                             173E     173E       4A         0
                text20                             15A8     15A8       56         0
                text19                             1944     1944       16         0
                text18                              CE2      CE2      12C         0
                text17                             1832     1832       30         0
                text16                              660      660      2A6         0
                text15                             1802     1802       30         0
                text14                             1862     1862       28         0
                text13                              FF8      FF8       C0         0
                text12                             16F4     16F4       4A         0
                text11                             188A     188A       26         0
                text10                             120C     120C       9C         0
                text9                              18D6     18D6       20         0
                text8                              1342     1342       90         0
                text7                              12A8     12A8       9A         0
                text6                              17D0     17D0       32         0
                text5                              192C     192C       18         0
                text4                              1962     1962        6         0
                text3                              1914     1914       18         0
                text2                               906      906      25C         0
                text1                              16AA     16AA       4A         0
                text0                              10B8     10B8       B6         0
                cinit                              14D0     14D0       72         0
                idataBANK0                         195A     195A        8         0
                idataCOMRAM                        1968     1968        5         0

        CLASS   CONST          

        CLASS   SMALLCONST     
                smallconst                          600      600       60         0

        CLASS   MEDIUMCONST    

        CLASS   COMRAM         
                temp                                 4D       4D        1         1
                cstackCOMRAM                          1        1       35         1
                dataCOMRAM                           48       48        5         1
                bssCOMRAM                            36       36       12         1

        CLASS   ABS1           

        CLASS   BIGRAM         

        CLASS   RAM            

        CLASS   BANK0          
                cstackBANK0                          60       60       44         1
                dataBANK0                            E4       E4        8         1
                bssBANK0                             A4       A4       40         1

        CLASS   BANK1          
                bssBANK1                            100      100       2A         1

        CLASS   BANK2          

        CLASS   BANK3          

        CLASS   BANK4          

        CLASS   BANK5          

        CLASS   SFR            

        CLASS   FARRAM         

        CLASS   CONFIG         
                config                           300000   300000        E         0

        CLASS   IDLOC          
                idloc                            200000   200000        8         0

        CLASS   EEDATA         



SEGMENTS        Name                           Load    Length   Top    Selector   Space  Class

                reset_vec                      000000  000004  000004         0       0  CODE    
                cstackCOMRAM                   000001  00004D  00004E         1       1  COMRAM  
                intcode                        000008  0000BC  0000C4         4       0  CODE    
                cstackBANK0                    000060  00008C  0000EC        60       1  BANK0   
                bssBANK1                       000100  00002A  00012A       100       1  BANK1   
                smallconst                     000600  000060  000660       300       0  SMALLCON
                text16                         000660  00130D  00196D       330       0  CODE    
                idloc                          200000  000008  200008    200000       0  IDLOC   
                config                         300000  00000E  30000E    300000       0  CONFIG  


UNUSED ADDRESS RANGES

        Name                Unused          Largest block    Delta
        BANK0            0000EC-0000FF               14
        BANK1            00012A-0001FF               D6
        BANK2            000200-0002FF              100
        BANK3            000300-0003FF              100
        BANK4            000400-0004FF              100
        BANK5            000500-0005FF              100
        BIGRAM           00004E-00005F               12
                         0000EC-0000FF               14
                         00012A-0005FF              4D6
        CODE             000004-000007                4
                         0000C4-0005FF              53C
                         00196D-007FFF             6693
        COMRAM           00004E-00005F               12
        CONST            000004-000007                4
                         0000C4-0005FF              53C
                         00196D-007FFF             6693
        EEDATA           F00000-F000FF              100
        MEDIUMCONST      00196D-007FFF             6693
        RAM              0000EC-0000FF               14
                         00012A-0005FF              100
        SFR              000F38-000FFF               28
        SMALLCONST       00196D-007FFF              100
        STACK            00012A-0005FF              4D6

                                  Symbol Table

?___lldiv                                            cstackCOMRAM 000013
?___llmod                                            cstackCOMRAM 000013
?___lmul                                             cstackCOMRAM 000013
?___wmul                                             cstackCOMRAM 000013
?_atol                                               cstackCOMRAM 00001F
?_strcmp2                                            cstackCOMRAM 000013
SPI_receive_data@data                                cstackCOMRAM 000013
SPI_receive_data@recvGood                            cstackCOMRAM 000015
SPI_send_data@data                                   cstackCOMRAM 000013
SPI_send_data@sendGood                               cstackCOMRAM 000014
_ADCON0bits                                          (abs)        000FC2
_ANSELA                                              (abs)        000F38
_ANSELAbits                                          (abs)        000F38
_ANSELB                                              (abs)        000F39
_ANSELBbits                                          (abs)        000F39
_ANSELC                                              (abs)        000F3A
_INTCON                                              (abs)        000FF2
_INTCON2                                             (abs)        000FF1
_INTCON3                                             (abs)        000FF0
_INTCONbits                                          (abs)        000FF2
_IPR1                                                (abs)        000F9F
_IPR2                                                (abs)        000FA2
_IPR3                                                (abs)        000FA5
_IPR4                                                (abs)        000F7C
_IPR5                                                (abs)        000F7F
_LATBbits                                            (abs)        000F8A
_LATCbits                                            (abs)        000F8B
_OSCCON2bits                                         (abs)        000FD2
_OSCCONbits                                          (abs)        000FD3
_OSCTUNEbits                                         (abs)        000F9B
_PIE1                                                (abs)        000F9D
_PIE2                                                (abs)        000FA0
_PIE3                                                (abs)        000FA3
_PIE4                                                (abs)        000F7A
_PIE5                                                (abs)        000F7D
_PIR1                                                (abs)        000F9E
_PIR2                                                (abs)        000FA1
_PIR3                                                (abs)        000FA4
_PIR4                                                (abs)        000F7B
_PIR5                                                (abs)        000F7E
_PORTAbits                                           (abs)        000F80
_PORTBbits                                           (abs)        000F81
_PORTCbits                                           (abs)        000F82
_RCONbits                                            (abs)        000FD0
_SPISlaveInit                                        text33       001788
_SPI_receive_data                                    text14       001862
_SPI_send_data                                       text9        0018D6
_SPI_transmit_wait                                   bssCOMRAM    00003E
_SSP2BUF                                             (abs)        000F6F
_SSP2CON1bits                                        (abs)        000F6C
_SSP2CON3                                            (abs)        000F69
_SSP2CON3bits                                        (abs)        000F69
_SSP2STATbits                                        (abs)        000F6D
_T0CONbits                                           (abs)        000FD5
_TMR0H                                               (abs)        000FD7
_TMR0L                                               (abs)        000FD6
_TRISAbits                                           (abs)        000F92
_TRISBbits                                           (abs)        000F93
_TRISCbits                                           (abs)        000F94
_Timer0_ISR                                          intcode      000008
__CFG_BOREN$SBORDIS                                  (abs)        000000
__CFG_BORV$190                                       (abs)        000000
__CFG_CCP2MX$PORTC1                                  (abs)        000000
__CFG_CCP3MX$PORTB5                                  (abs)        000000
__CFG_CP0$OFF                                        (abs)        000000
__CFG_CP1$OFF                                        (abs)        000000
__CFG_CP2$OFF                                        (abs)        000000
__CFG_CP3$OFF                                        (abs)        000000
__CFG_CPB$OFF                                        (abs)        000000
__CFG_CPD$OFF                                        (abs)        000000
__CFG_DEBUG$OFF                                      (abs)        000000
__CFG_EBTR0$OFF                                      (abs)        000000
__CFG_EBTR1$OFF                                      (abs)        000000
__CFG_EBTR2$OFF                                      (abs)        000000
__CFG_EBTR3$OFF                                      (abs)        000000
__CFG_EBTRB$OFF                                      (abs)        000000
__CFG_FCMEN$OFF                                      (abs)        000000
__CFG_FOSC$INTIO67                                   (abs)        000000
__CFG_HFOFST$ON                                      (abs)        000000
__CFG_IESO$OFF                                       (abs)        000000
__CFG_LVP$OFF                                        (abs)        000000
__CFG_MCLRE$EXTMCLR                                  (abs)        000000
__CFG_P2BMX$PORTB5                                   (abs)        000000
__CFG_PBADEN$ON                                      (abs)        000000
__CFG_PLLCFG$OFF                                     (abs)        000000
__CFG_PRICLKEN$OFF                                   (abs)        000000
__CFG_PWRTEN$OFF                                     (abs)        000000
__CFG_STVREN$ON                                      (abs)        000000
__CFG_T3CMX$PORTC0                                   (abs)        000000
__CFG_WDTEN$OFF                                      (abs)        000000
__CFG_WDTPS$32768                                    (abs)        000000
__CFG_WRT0$OFF                                       (abs)        000000
__CFG_WRT1$OFF                                       (abs)        000000
__CFG_WRT2$OFF                                       (abs)        000000
__CFG_WRT3$OFF                                       (abs)        000000
__CFG_WRTB$OFF                                       (abs)        000000
__CFG_WRTC$OFF                                       (abs)        000000
__CFG_WRTD$OFF                                       (abs)        000000
__CFG_XINST$OFF                                      (abs)        000000
__HRAM                                               (abs)        000000
__Habs1                                              abs1         000000
__Hbank0                                             bank0        000000
__Hbank1                                             bank1        000000
__Hbank2                                             bank2        000000
__Hbank3                                             bank3        000000
__Hbank4                                             bank4        000000
__Hbank5                                             bank5        000000
__Hbigbss                                            bigbss       000000
__Hbigdata                                           bigdata      000000
__Hbigram                                            bigram       000000
__Hbss                                               bss          000000
__HbssBANK0                                          bssBANK0     000000
__HbssBANK1                                          bssBANK1     000000
__HbssCOMRAM                                         bssCOMRAM    000000
__Hcinit                                             cinit        000000
__Hclrtext                                           clrtext      000000
__Hcomram                                            comram       000000
__Hconfig                                            config       30000E
__Hconst                                             const        000000
__HcstackBANK0                                       cstackBANK0  000000
__HcstackCOMRAM                                      cstackCOMRAM 000000
__Hdata                                              data         000000
__HdataBANK0                                         dataBANK0    000000
__HdataCOMRAM                                        dataCOMRAM   000000
__Heeprom_data                                       eeprom_data  000000
__Hfarbss                                            farbss       000000
__Hfardata                                           fardata      000000
__Hibigdata                                          ibigdata     000000
__Hidata                                             idata        000000
__HidataBANK0                                        idataBANK0   000000
__HidataCOMRAM                                       idataCOMRAM  000000
__Hidloc                                             idloc        200008
__Hifardata                                          ifardata     000000
__Hinit                                              init         0000C4
__Hintcode                                           intcode      0000C0
__Hintcode_body                                      intcode_body 000000
__Hintcodelo                                         intcodelo    0000C0
__Hintentry                                          intentry     000000
__Hintret                                            intret       000000
__Hintsave_regs                                      intsave_regs 000000
__Hirdata                                            irdata       000000
__Hmediumconst                                       mediumconst  000000
__HnvFARRAM                                          nvFARRAM     000000
__Hnvbit                                             nvbit        000000
__Hnvrram                                            nvrram       000000
__Hparam                                             rparam       000000
__Hpowerup                                           powerup      0000C0
__Hram                                               ram          000000
__Hramtop                                            ramtop       000600
__Hrbit                                              rbit         000000
__Hrbss                                              rbss         000000
__Hrdata                                             rdata        000000
__Hreset_vec                                         reset_vec    000004
__Hrparam                                            rparam       000000
__Hsfr                                               sfr          000000
__Hsmallconst                                        smallconst   000660
__Hspace_0                                           (abs)        30000E
__Hspace_1                                           (abs)        00012A
__Hspace_2                                           (abs)        000000
__Hstack                                             stack        000000
__Hstruct                                            struct       000000
__Htemp                                              temp         00004E
__Htext                                              text         000000
__Htext0                                             text0        000000
__Htext1                                             text1        000000
__Htext10                                            text10       000000
__Htext11                                            text11       000000
__Htext12                                            text12       000000
__Htext13                                            text13       000000
__Htext14                                            text14       000000
__Htext15                                            text15       000000
__Htext16                                            text16       000000
__Htext17                                            text17       000000
__Htext18                                            text18       000000
__Htext19                                            text19       000000
__Htext2                                             text2        000000
__Htext20                                            text20       000000
__Htext21                                            text21       000000
__Htext22                                            text22       000000
__Htext23                                            text23       000000
__Htext24                                            text24       000000
__Htext25                                            text25       000000
__Htext26                                            text26       000000
__Htext27                                            text27       000000
__Htext28                                            text28       000000
__Htext29                                            text29       000000
__Htext3                                             text3        000000
__Htext30                                            text30       000000
__Htext31                                            text31       000000
__Htext32                                            text32       000000
__Htext33                                            text33       000000
__Htext4                                             text4        000000
__Htext5                                             text5        000000
__Htext6                                             text6        000000
__Htext7                                             text7        000000
__Htext8                                             text8        000000
__Htext9                                             text9        000000
__LRAM                                               (abs)        000001
__Labs1                                              abs1         000000
__Lbank0                                             bank0        000000
__Lbank1                                             bank1        000000
__Lbank2                                             bank2        000000
__Lbank3                                             bank3        000000
__Lbank4                                             bank4        000000
__Lbank5                                             bank5        000000
__Lbigbss                                            bigbss       000000
__Lbigdata                                           bigdata      000000
__Lbigram                                            bigram       000000
__Lbss                                               bss          000000
__LbssBANK0                                          bssBANK0     000000
__LbssBANK1                                          bssBANK1     000000
__LbssCOMRAM                                         bssCOMRAM    000000
__Lcinit                                             cinit        000000
__Lclrtext                                           clrtext      000000
__Lcomram                                            comram       000000
__Lconfig                                            config       300000
__Lconst                                             const        000000
__LcstackBANK0                                       cstackBANK0  000000
__LcstackCOMRAM                                      cstackCOMRAM 000000
__Ldata                                              data         000000
__LdataBANK0                                         dataBANK0    000000
__LdataCOMRAM                                        dataCOMRAM   000000
__Leeprom_data                                       eeprom_data  000000
__Lfarbss                                            farbss       000000
__Lfardata                                           fardata      000000
__Libigdata                                          ibigdata     000000
__Lidata                                             idata        000000
__LidataBANK0                                        idataBANK0   000000
__LidataCOMRAM                                       idataCOMRAM  000000
__Lidloc                                             idloc        200000
__Lifardata                                          ifardata     000000
__Linit                                              init         0000C0
__Lintcode                                           intcode      000008
__Lintcode_body                                      intcode_body 000000
__Lintcodelo                                         intcodelo    0000C0
__Lintentry                                          intentry     000000
__Lintret                                            intret       000000
__Lintsave_regs                                      intsave_regs 000000
__Lirdata                                            irdata       000000
__Lmediumconst                                       mediumconst  000000
__LnvFARRAM                                          nvFARRAM     000000
__Lnvbit                                             nvbit        000000
__Lnvrram                                            nvrram       000000
__Lparam                                             rparam       000000
__Lpowerup                                           powerup      0000C0
__Lram                                               ram          000000
__Lramtop                                            ramtop       000600
__Lrbit                                              rbit         000000
__Lrbss                                              rbss         000000
__Lrdata                                             rdata        000000
__Lreset_vec                                         reset_vec    000000
__Lrparam                                            rparam       000000
__Lsfr                                               sfr          000000
__Lsmallconst                                        smallconst   000600
__Lspace_0                                           (abs)        000000
__Lspace_1                                           (abs)        000000
__Lspace_2                                           (abs)        000000
__Lstack                                             stack        000000
__Lstruct                                            struct       000000
__Ltemp                                              temp         00004D
__Ltext                                              text         000000
__Ltext0                                             text0        000000
__Ltext1                                             text1        000000
__Ltext10                                            text10       000000
__Ltext11                                            text11       000000
__Ltext12                                            text12       000000
__Ltext13                                            text13       000000
__Ltext14                                            text14       000000
__Ltext15                                            text15       000000
__Ltext16                                            text16       000000
__Ltext17                                            text17       000000
__Ltext18                                            text18       000000
__Ltext19                                            text19       000000
__Ltext2                                             text2        000000
__Ltext20                                            text20       000000
__Ltext21                                            text21       000000
__Ltext22                                            text22       000000
__Ltext23                                            text23       000000
__Ltext24                                            text24       000000
__Ltext25                                            text25       000000
__Ltext26                                            text26       000000
__Ltext27                                            text27       000000
__Ltext28                                            text28       000000
__Ltext29                                            text29       000000
__Ltext3                                             text3        000000
__Ltext30                                            text30       000000
__Ltext31                                            text31       000000
__Ltext32                                            text32       000000
__Ltext33                                            text33       000000
__Ltext4                                             text4        000000
__Ltext5                                             text5        000000
__Ltext6                                             text6        000000
__Ltext7                                             text7        000000
__Ltext8                                             text8        000000
__Ltext9                                             text9        000000
__S0                                                 (abs)        30000E
__S1                                                 (abs)        00012A
__S2                                                 (abs)        000000
___inthi_sp                                          stack        000000
___intlo_sp                                          stack        000000
___lldiv                                             text24       0013D2
___lldiv@counter                                     cstackCOMRAM 00001F
___lldiv@dividend                                    cstackCOMRAM 000013
___lldiv@divisor                                     cstackCOMRAM 000017
___lldiv@quotient                                    cstackCOMRAM 00001B
___llmod                                             text23       001542
___llmod@counter                                     cstackCOMRAM 00001B
___llmod@dividend                                    cstackCOMRAM 000013
___llmod@divisor                                     cstackCOMRAM 000017
___lmul                                              text30       001654
___lmul@multiplicand                                 cstackCOMRAM 000017
___lmul@multiplier                                   cstackCOMRAM 000013
___lmul@product                                      cstackCOMRAM 00001B
___param_bank                                        (abs)        000000
___rparam_used                                       (abs)        000001
___sp                                                stack        000000
___wmul                                              text32       0018B0
___wmul@multiplicand                                 cstackCOMRAM 000015
___wmul@multiplier                                   cstackCOMRAM 000013
___wmul@product                                      cstackCOMRAM 000017
__accesstop                                          (abs)        000060
__activetblptr                                       (abs)        000002
__end_of_SPISlaveInit                                text33       0017D0
__end_of_SPI_receive_data                            text14       00188A
__end_of_SPI_send_data                               text9        0018F6
__end_of_Timer0_ISR                                  intcode      0000C0
__end_of___lldiv                                     text24       001454
__end_of___llmod                                     text23       0015A8
__end_of___lmul                                      text30       0016AA
__end_of___wmul                                      text32       0018D6
__end_of__initialization                             cinit        001534
__end_of_atol                                        text28       000FF8
__end_of_com_command_setEnergyUsed                   text21       001788
__end_of_com_command_setPower                        text12       00173E
__end_of_com_command_setVersion                      text11       0018B0
__end_of_command_builder1                            text20       0015FE
__end_of_command_builder3                            text25       00120C
__end_of_command_builder_add_char                    text27       001654
__end_of_command_builder_add_string                  text26       0014D0
__end_of_communications                              text7        001342
__end_of_delayMS10                                   text6        001802
__end_of_init                                        text4        001968
__end_of_initOSC                                     text5        001944
__end_of_initTimer                                   text3        00192C
__end_of_isdigit                                     text29       001914
__end_of_main                                        text0        00116E
__end_of_powerPulseCheck                             text2        000B62
__end_of_process_data                                text15       001832
__end_of_process_data_parameterize                   text31       000CE2
__end_of_process_data_parameters                     text16       000906
__end_of_receive_data                                text13       0010B8
__end_of_resetCommunications                         text10       0012A8
__end_of_send_data                                   text8        0013D2
__end_of_send_end_of_transmission                    text19       00195A
__end_of_strcmp2                                     text18       000E0E
__end_of_strmatch                                    text17       001862
__end_of_toggleLEDs                                  text1        0016F4
__end_of_ultoa                                       text22       000F04
__initialization                                     cinit        0014D0
__mediumconst                                        mediumconst  000000
__pbssBANK0                                          bssBANK0     0000A4
__pbssBANK1                                          bssBANK1     000100
__pbssCOMRAM                                         bssCOMRAM    000036
__pcinit                                             cinit        0014D0
__pcstackBANK0                                       cstackBANK0  000060
__pcstackCOMRAM                                      cstackCOMRAM 000001
__pdataBANK0                                         dataBANK0    0000E4
__pdataCOMRAM                                        dataCOMRAM   000048
__pidataBANK0                                        idataBANK0   00195A
__pidataCOMRAM                                       idataCOMRAM  001968
__pintcode                                           intcode      000008
__psmallconst                                        smallconst   000600
__ptext0                                             text0        0010B8
__ptext1                                             text1        0016AA
__ptext10                                            text10       00120C
__ptext11                                            text11       00188A
__ptext12                                            text12       0016F4
__ptext13                                            text13       000FF8
__ptext14                                            text14       001862
__ptext15                                            text15       001802
__ptext16                                            text16       000660
__ptext17                                            text17       001832
__ptext18                                            text18       000CE2
__ptext19                                            text19       001944
__ptext2                                             text2        000906
__ptext20                                            text20       0015A8
__ptext21                                            text21       00173E
__ptext22                                            text22       000E0E
__ptext23                                            text23       001542
__ptext24                                            text24       0013D2
__ptext25                                            text25       00116E
__ptext26                                            text26       001454
__ptext27                                            text27       0015FE
__ptext28                                            text28       000F04
__ptext29                                            text29       0018F6
__ptext3                                             text3        001914
__ptext30                                            text30       001654
__ptext31                                            text31       000B62
__ptext32                                            text32       0018B0
__ptext33                                            text33       001788
__ptext4                                             text4        001962
__ptext5                                             text5        00192C
__ptext6                                             text6        0017D0
__ptext7                                             text7        0012A8
__ptext8                                             text8        001342
__ptext9                                             text9        0018D6
__ramtop                                             ramtop       000600
__size_of_SPISlaveInit                               (abs)        000000
__size_of_SPI_receive_data                           (abs)        000000
__size_of_SPI_send_data                              (abs)        000000
__size_of_Timer0_ISR                                 (abs)        000000
__size_of___lldiv                                    (abs)        000000
__size_of___llmod                                    (abs)        000000
__size_of___lmul                                     (abs)        000000
__size_of___wmul                                     (abs)        000000
__size_of_atol                                       (abs)        000000
__size_of_com_command_setEnergyUsed                  (abs)        000000
__size_of_com_command_setPower                       (abs)        000000
__size_of_com_command_setVersion                     (abs)        000000
__size_of_command_builder1                           (abs)        000000
__size_of_command_builder3                           (abs)        000000
__size_of_command_builder_add_char                   (abs)        000000
__size_of_command_builder_add_string                 (abs)        000000
__size_of_communications                             (abs)        000000
__size_of_delayMS10                                  (abs)        000000
__size_of_init                                       (abs)        000000
__size_of_initOSC                                    (abs)        000000
__size_of_initTimer                                  (abs)        000000
__size_of_isdigit                                    (abs)        000000
__size_of_main                                       (abs)        000000
__size_of_powerPulseCheck                            (abs)        000000
__size_of_process_data                               (abs)        000000
__size_of_process_data_parameterize                  (abs)        000000
__size_of_process_data_parameters                    (abs)        000000
__size_of_receive_data                               (abs)        000000
__size_of_resetCommunications                        (abs)        000000
__size_of_send_data                                  (abs)        000000
__size_of_send_end_of_transmission                   (abs)        000000
__size_of_strcmp2                                    (abs)        000000
__size_of_strmatch                                   (abs)        000000
__size_of_toggleLEDs                                 (abs)        000000
__size_of_ultoa                                      (abs)        000000
__smallconst                                         smallconst   000600
_atol                                                text28       000F04
_com_command_setEnergyUsed                           text21       00173E
_com_command_setPower                                text12       0016F4
_com_command_setVersion                              text11       00188A
_command_builder1                                    text20       0015A8
_command_builder3                                    text25       00116E
_command_builder_add_char                            text27       0015FE
_command_builder_add_string                          text26       001454
_communications                                      text7        0012A8
_delayMS10                                           text6        0017D0
_init                                                text4        001962
_initOSC                                             text5        00192C
_initTimer                                           text3        001914
_isLow                                               bssCOMRAM    000043
_isdigit                                             text29       0018F6
_isdigit$2231                                        cstackCOMRAM 000014
_main                                                text0        0010B8
_meterEnergyUsed                                     bssBANK0     0000B0
_meterWatts                                          bssBANK0     0000B4
_powerPulseCheck                                     text2        000906
_process_data                                        text15       001802
_process_data_parameterize                           text31       000B62
_process_data_parameters                             text16       000660
_receive_data                                        text13       000FF8
_resetCommunications                                 text10       00120C
_send_data                                           text8        001342
_send_end_of_transmission                            text19       001944
_strcmp2                                             text18       000CE2
_strmatch                                            text17       001832
_timerCountHF                                        bssCOMRAM    000044
_timerCountLF                                        bssCOMRAM    000036
_toggleLEDs                                          text1        0016AA
_ultoa                                               text22       000E0E
_useLF                                               dataCOMRAM   00004C
atol@a                                               cstackCOMRAM 000028
atol@c                                               cstackCOMRAM 00002C
atol@s                                               cstackCOMRAM 00001F
atol@sign                                            cstackCOMRAM 000027
btemp                                                temp         00004D
com_command_setEnergyUsed@send_buffer                cstackCOMRAM 00002D
com_command_setEnergyUsed@temp                       cstackBANK0  000060
com_command_setPower@send_buffer                     cstackCOMRAM 00002D
com_command_setPower@temp                            cstackBANK0  000060
com_command_setVersion@send_buffer                   cstackCOMRAM 000027
command_builder1@data1                               cstackCOMRAM 000021
command_builder1@send_buffer                         cstackCOMRAM 00001F
command_builder3@data1                               cstackCOMRAM 000021
command_builder3@data2                               cstackCOMRAM 000023
command_builder3@data3                               cstackCOMRAM 000025
command_builder3@send_buffer                         cstackCOMRAM 00001F
command_builder_add_char@data                        cstackCOMRAM 000015
command_builder_add_char@send_buffer                 cstackCOMRAM 000013
command_builder_add_string@data_string               cstackCOMRAM 000019
command_builder_add_string@inx                       cstackCOMRAM 00001D
command_builder_add_string@send_buffer               cstackCOMRAM 000017
communications@end_of_transmission_received          bssCOMRAM    00003D
communications@firstTime                             cstackCOMRAM 000035
communications@last_state_active                     bssCOMRAM    00003B
communications@no_more_to_send                       cstackCOMRAM 000034
communications@receive_buffer                        bssBANK1     000100
communications@receive_current_state                 bssCOMRAM    00003C
communications@send_buffer                           bssBANK0     0000BA
delayMS10@count                                      cstackCOMRAM 000013
delayMS10@inx                                        cstackCOMRAM 000016
end_of_initialization                                cinit        001534
int$flags                                            temp         00004D
intlevel0                                            text         000000
intlevel1                                            text         000000
intlevel2                                            text         000000
intlevel3                                            text         000000
isdigit@c                                            cstackCOMRAM 000015
main@isLow                                           cstackBANK0  0000A3
powerPulseCheck@firstHFPulse                         dataCOMRAM   00004B
powerPulseCheck@firstLFPulse                         dataCOMRAM   00004A
powerPulseCheck@mcpHFoutLast                         bssCOMRAM    000040
powerPulseCheck@mcpLFoutLast                         bssCOMRAM    00003F
powerPulseCheck@meterEnergyUsedPart                  bssBANK0     0000AC
powerPulseCheck@meterWattsHF                         bssBANK0     0000A8
powerPulseCheck@meterWattsLF                         bssBANK0     0000A4
powerPulseCheck@timerCountHFCheck                    dataCOMRAM   000048
powerPulseCheck@timerCountHFLast                     dataBANK0    0000E4
powerPulseCheck@timerCountLFLast                     dataBANK0    0000E8
process_data@end_of_transmission_received            cstackBANK0  0000A2
process_data@parameters                              cstackBANK0  000070
process_data@receive_buffer                          cstackBANK0  00006C
process_data@send_buffer                             cstackBANK0  00006E
process_data_parameterize@buffer_to_parameterize     cstackCOMRAM 00001B
process_data_parameterize@inx                        cstackCOMRAM 000020
process_data_parameterize@parameter_index            cstackCOMRAM 000022
process_data_parameterize@parameter_position         cstackCOMRAM 000023
process_data_parameterize@parameters                 cstackCOMRAM 000019
process_data_parameters@end_of_transmission_received cstackCOMRAM 000033
process_data_parameters@parameters                   cstackCOMRAM 00002F
process_data_parameters@send_buffer                  cstackCOMRAM 000031
receive_data@data                                    cstackCOMRAM 000019
receive_data@my_status                               bssCOMRAM    00003A
receive_data@receive_buffer                          cstackCOMRAM 000016
resetCommunications@commState                        bssBANK0     0000B8
resetCommunications@send_buffer                      cstackCOMRAM 00002F
send_data@send_buffer                                cstackCOMRAM 000015
send_data@send_end                                   cstackCOMRAM 000019
send_end_of_transmission@send_buffer                 cstackCOMRAM 000023
stackhi                                              (abs)        0005FF
stacklo                                              (abs)        00012A
start                                                init         0000C0
start_initialization                                 cinit        0014D0
strcmp2@a                                            cstackCOMRAM 000013
strcmp2@b                                            cstackCOMRAM 000015
strcmp2@inx                                          cstackCOMRAM 00001C
strcmp2@match                                        cstackCOMRAM 00001A
strmatch@a                                           cstackCOMRAM 00001E
strmatch@b                                           cstackCOMRAM 000020
strmatch@match                                       cstackCOMRAM 000024
strmatch@result                                      cstackCOMRAM 000022
toggleLEDs@runonceHF                                 bssCOMRAM    000041
toggleLEDs@runonceLF                                 bssCOMRAM    000042
ultoa@base                                           cstackCOMRAM 000026
ultoa@buf                                            cstackCOMRAM 000020
ultoa@c                                              cstackCOMRAM 00002C
ultoa@v                                              cstackCOMRAM 000028
ultoa@val                                            cstackCOMRAM 000022
wtemp6                                               temp         00004E


FUNCTION INFORMATION:

 *************** function _main *****************
 Defined at:
		line 94 in file "Current_Sense_Main.c"
 Parameters:    Size  Location     Type
		None
 Auto vars:     Size  Location     Type
  isLow           1   67[BANK0 ] unsigned char 
 Return value:  Size  Location     Type
                  1    wreg      void 
 Registers used:
		wreg, fsr1l, fsr1h, fsr2l, fsr2h, status,2, status,0, tblptrl, tblptrh, tblptru, prodl, prodh, cstack
 Tracked objects:
		On entry : 
		On exit  : 
		Unchanged: 
 Data sizes:     COMRAM   BANK0   BANK1   BANK2   BANK3   BANK4   BANK5
      Params:         0       0       0       0       0       0       0
      Locals:         0       1       0       0       0       0       0
      Temps:          0       0       0       0       0       0       0
      Totals:         0       1       0       0       0       0       0
Total ram usage:        1 bytes
 Hardware stack levels required when called:    8
 This function calls:
		_communications
		_delayMS10
		_init
		_initTimer
		_powerPulseCheck
		_toggleLEDs
 This function is called by:
		Startup code after reset
 This function uses a non-reentrant model


 *************** function _toggleLEDs *****************
 Defined at:
		line 404 in file "Current_Sense_Main.c"
 Parameters:    Size  Location     Type
		None
 Auto vars:     Size  Location     Type
		None
 Return value:  Size  Location     Type
                  1    wreg      void 
 Registers used:
		wreg, status,2
 Tracked objects:
		On entry : 
		On exit  : 
		Unchanged: 
 Data sizes:     COMRAM   BANK0   BANK1   BANK2   BANK3   BANK4   BANK5
      Params:         0       0       0       0       0       0       0
      Locals:         0       0       0       0       0       0       0
      Temps:          0       0       0       0       0       0       0
      Totals:         0       0       0       0       0       0       0
Total ram usage:        0 bytes
 Hardware stack levels used:    1
 Hardware stack levels required when called:    1
 This function calls:
		Nothing
 This function is called by:
		_main
 This function uses a non-reentrant model


 *************** function _powerPulseCheck *****************
 Defined at:
		line 464 in file "Current_Sense_Main.c"
 Parameters:    Size  Location     Type
		None
 Auto vars:     Size  Location     Type
		None
 Return value:  Size  Location     Type
                  1    wreg      void 
 Registers used:
		wreg, status,2, status,0, cstack
 Tracked objects:
		On entry : 
		On exit  : 
		Unchanged: 
 Data sizes:     COMRAM   BANK0   BANK1   BANK2   BANK3   BANK4   BANK5
      Params:         0       0       0       0       0       0       0
      Locals:         0       0       0       0       0       0       0
      Temps:          0       0       0       0       0       0       0
      Totals:         0       0       0       0       0       0       0
Total ram usage:        0 bytes
 Hardware stack levels used:    1
 Hardware stack levels required when called:    2
 This function calls:
		___lldiv
		___lmul
 This function is called by:
		_main
 This function uses a non-reentrant model


 *************** function _initTimer *****************
 Defined at:
		line 706 in file "Current_Sense_Main.c"
 Parameters:    Size  Location     Type
		None
 Auto vars:     Size  Location     Type
		None
 Return value:  Size  Location     Type
                  1    wreg      void 
 Registers used:
		wreg, status,2
 Tracked objects:
		On entry : 
		On exit  : 
		Unchanged: 
 Data sizes:     COMRAM   BANK0   BANK1   BANK2   BANK3   BANK4   BANK5
      Params:         0       0       0       0       0       0       0
      Locals:         0       0       0       0       0       0       0
      Temps:          0       0       0       0       0       0       0
      Totals:         0       0       0       0       0       0       0
Total ram usage:        0 bytes
 Hardware stack levels used:    1
 Hardware stack levels required when called:    1
 This function calls:
		Nothing
 This function is called by:
		_main
 This function uses a non-reentrant model


 *************** function _init *****************
 Defined at:
		line 632 in file "Current_Sense_Main.c"
 Parameters:    Size  Location     Type
		None
 Auto vars:     Size  Location     Type
		None
 Return value:  Size  Location     Type
                  1    wreg      void 
 Registers used:
		wreg, status,2, cstack
 Tracked objects:
		On entry : 
		On exit  : 
		Unchanged: 
 Data sizes:     COMRAM   BANK0   BANK1   BANK2   BANK3   BANK4   BANK5
      Params:         0       0       0       0       0       0       0
      Locals:         0       0       0       0       0       0       0
      Temps:          0       0       0       0       0       0       0
      Totals:         0       0       0       0       0       0       0
Total ram usage:        0 bytes
 Hardware stack levels used:    1
 Hardware stack levels required when called:    2
 This function calls:
		_initOSC
 This function is called by:
		_main
 This function uses a non-reentrant model


 *************** function _initOSC *****************
 Defined at:
		line 642 in file "Current_Sense_Main.c"
 Parameters:    Size  Location     Type
		None
 Auto vars:     Size  Location     Type
		None
 Return value:  Size  Location     Type
                  1    wreg      void 
 Registers used:
		wreg, status,2
 Tracked objects:
		On entry : 
		On exit  : 
		Unchanged: 
 Data sizes:     COMRAM   BANK0   BANK1   BANK2   BANK3   BANK4   BANK5
      Params:         0       0       0       0       0       0       0
      Locals:         0       0       0       0       0       0       0
      Temps:          0       0       0       0       0       0       0
      Totals:         0       0       0       0       0       0       0
Total ram usage:        0 bytes
 Hardware stack levels used:    1
 Hardware stack levels required when called:    1
 This function calls:
		Nothing
 This function is called by:
		_init
 This function uses a non-reentrant model


 *************** function _delayMS10 *****************
 Defined at:
		line 623 in file "Current_Sense_Main.c"
 Parameters:    Size  Location     Type
  count           2   18[COMRAM] int 
 Auto vars:     Size  Location     Type
  inx             2   21[COMRAM] int 
 Return value:  Size  Location     Type
                  1    wreg      void 
 Registers used:
		wreg, status,2, status,0
 Tracked objects:
		On entry : 
		On exit  : 
		Unchanged: 
 Data sizes:     COMRAM   BANK0   BANK1   BANK2   BANK3   BANK4   BANK5
      Params:         2       0       0       0       0       0       0
      Locals:         2       0       0       0       0       0       0
      Temps:          1       0       0       0       0       0       0
      Totals:         5       0       0       0       0       0       0
Total ram usage:        5 bytes
 Hardware stack levels used:    1
 Hardware stack levels required when called:    1
 This function calls:
		Nothing
 This function is called by:
		_main
 This function uses a non-reentrant model


 *************** function _communications *****************
 Defined at:
		line 90 in file "SlaveComm_PIC18.c"
 Parameters:    Size  Location     Type
  firstTime       1    wreg     unsigned char 
 Auto vars:     Size  Location     Type
  firstTime       1   52[COMRAM] unsigned char 
  no_more_to_s    1   51[COMRAM] unsigned char 
 Return value:  Size  Location     Type
                  1    wreg      void 
 Registers used:
		wreg, fsr1l, fsr1h, fsr2l, fsr2h, status,2, status,0, tblptrl, tblptrh, tblptru, prodl, prodh, cstack
 Tracked objects:
		On entry : 
		On exit  : 
		Unchanged: 
 Data sizes:     COMRAM   BANK0   BANK1   BANK2   BANK3   BANK4   BANK5
      Params:         0       0       0       0       0       0       0
      Locals:         2       0       0       0       0       0       0
      Temps:          0       0       0       0       0       0       0
      Totals:         2       0       0       0       0       0       0
Total ram usage:        2 bytes
 Hardware stack levels used:    1
 Hardware stack levels required when called:    7
 This function calls:
		_SPISlaveInit
		_process_data
		_receive_data
		_resetCommunications
		_send_data
 This function is called by:
		_main
 This function uses a non-reentrant model


 *************** function _send_data *****************
 Defined at:
		line 509 in file "SlaveComm_PIC18.c"
 Parameters:    Size  Location     Type
  send_buffer     2   20[COMRAM] PTR struct buffer
		 -> communications@send_buffer(42), 
 Auto vars:     Size  Location     Type
  send_end        1   24[COMRAM] unsigned char 
 Return value:  Size  Location     Type
                  1    wreg      unsigned char 
 Registers used:
		wreg, fsr1l, fsr1h, fsr2l, fsr2h, status,2, status,0, prodl, prodh, cstack
 Tracked objects:
		On entry : 
		On exit  : 
		Unchanged: 
 Data sizes:     COMRAM   BANK0   BANK1   BANK2   BANK3   BANK4   BANK5
      Params:         2       0       0       0       0       0       0
      Locals:         1       0       0       0       0       0       0
      Temps:          2       0       0       0       0       0       0
      Totals:         5       0       0       0       0       0       0
Total ram usage:        5 bytes
 Hardware stack levels used:    1
 Hardware stack levels required when called:    2
 This function calls:
		_SPI_send_data
 This function is called by:
		_communications
 This function uses a non-reentrant model


 *************** function _SPI_send_data *****************
 Defined at:
		line 607 in file "SlaveComm_PIC18.c"
 Parameters:    Size  Location     Type
  data            1    wreg     unsigned char 
 Auto vars:     Size  Location     Type
  data            1   18[COMRAM] unsigned char 
  sendGood        1   19[COMRAM] unsigned char 
 Return value:  Size  Location     Type
                  1    wreg      unsigned char 
 Registers used:
		wreg, status,2
 Tracked objects:
		On entry : 
		On exit  : 
		Unchanged: 
 Data sizes:     COMRAM   BANK0   BANK1   BANK2   BANK3   BANK4   BANK5
      Params:         0       0       0       0       0       0       0
      Locals:         2       0       0       0       0       0       0
      Temps:          0       0       0       0       0       0       0
      Totals:         2       0       0       0       0       0       0
Total ram usage:        2 bytes
 Hardware stack levels used:    1
 Hardware stack levels required when called:    1
 This function calls:
		Nothing
 This function is called by:
		_send_data
 This function uses a non-reentrant model


 *************** function _resetCommunications *****************
 Defined at:
		line 158 in file "SlaveComm_PIC18.c"
 Parameters:    Size  Location     Type
  send_buffer     2   46[COMRAM] PTR struct buffer
		 -> communications@send_buffer(42), 
 Auto vars:     Size  Location     Type
		None
 Return value:  Size  Location     Type
                  1    wreg      void 
 Registers used:
		wreg, fsr1l, fsr1h, fsr2l, fsr2h, status,2, status,0, tblptrl, tblptrh, tblptru, prodl, prodh, cstack
 Tracked objects:
		On entry : 
		On exit  : 
		Unchanged: 
 Data sizes:     COMRAM   BANK0   BANK1   BANK2   BANK3   BANK4   BANK5
      Params:         2       0       0       0       0       0       0
      Locals:         0       0       0       0       0       0       0
      Temps:          2       0       0       0       0       0       0
      Totals:         4       0       0       0       0       0       0
Total ram usage:        4 bytes
 Hardware stack levels used:    1
 Hardware stack levels required when called:    5
 This function calls:
		_com_command_setEnergyUsed
		_com_command_setPower
		_com_command_setVersion
 This function is called by:
		_communications
 This function uses a non-reentrant model


 *************** function _com_command_setVersion *****************
 Defined at:
		line 700 in file "SlaveComm_PIC18.c"
 Parameters:    Size  Location     Type
  send_buffer     2   38[COMRAM] PTR struct buffer
		 -> communications@send_buffer(42), 
 Auto vars:     Size  Location     Type
		None
 Return value:  Size  Location     Type
                  1    wreg      void 
 Registers used:
		wreg, fsr1l, fsr1h, fsr2l, fsr2h, status,2, status,0, tblptrl, tblptrh, tblptru, prodl, prodh, cstack
 Tracked objects:
		On entry : 
		On exit  : 
		Unchanged: 
 Data sizes:     COMRAM   BANK0   BANK1   BANK2   BANK3   BANK4   BANK5
      Params:         2       0       0       0       0       0       0
      Locals:         0       0       0       0       0       0       0
      Temps:          0       0       0       0       0       0       0
      Totals:         2       0       0       0       0       0       0
Total ram usage:        2 bytes
 Hardware stack levels used:    1
 Hardware stack levels required when called:    4
 This function calls:
		_command_builder3
 This function is called by:
		_resetCommunications
 This function uses a non-reentrant model


 *************** function _com_command_setPower *****************
 Defined at:
		line 642 in file "SlaveComm_PIC18.c"
 Parameters:    Size  Location     Type
  send_buffer     2   44[COMRAM] PTR struct buffer
		 -> communications@send_buffer(42), 
 Auto vars:     Size  Location     Type
  temp           12    0[BANK0 ] unsigned char [12]
 Return value:  Size  Location     Type
                  1    wreg      void 
 Registers used:
		wreg, fsr1l, fsr1h, fsr2l, fsr2h, status,2, status,0, tblptrl, tblptrh, tblptru, prodl, prodh, cstack
 Tracked objects:
		On entry : 
		On exit  : 
		Unchanged: 
 Data sizes:     COMRAM   BANK0   BANK1   BANK2   BANK3   BANK4   BANK5
      Params:         2       0       0       0       0       0       0
      Locals:         0      12       0       0       0       0       0
      Temps:          0       0       0       0       0       0       0
      Totals:         2      12       0       0       0       0       0
Total ram usage:       14 bytes
 Hardware stack levels used:    1
 Hardware stack levels required when called:    4
 This function calls:
		_command_builder3
		_ultoa
 This function is called by:
		_resetCommunications
 This function uses a non-reentrant model


 *************** function _receive_data *****************
 Defined at:
		line 217 in file "SlaveComm_PIC18.c"
 Parameters:    Size  Location     Type
  receive_buff    2   21[COMRAM] PTR struct buffer
		 -> communications@receive_buffer(42), 
 Auto vars:     Size  Location     Type
  data            1   24[COMRAM] unsigned char 
 Return value:  Size  Location     Type
                  1    wreg      enum E6751
 Registers used:
		wreg, fsr2l, fsr2h, status,2, status,0, prodl, prodh, cstack
 Tracked objects:
		On entry : 
		On exit  : 
		Unchanged: 
 Data sizes:     COMRAM   BANK0   BANK1   BANK2   BANK3   BANK4   BANK5
      Params:         2       0       0       0       0       0       0
      Locals:         1       0       0       0       0       0       0
      Temps:          1       0       0       0       0       0       0
      Totals:         4       0       0       0       0       0       0
Total ram usage:        4 bytes
 Hardware stack levels used:    1
 Hardware stack levels required when called:    2
 This function calls:
		_SPI_receive_data
 This function is called by:
		_communications
 This function uses a non-reentrant model


 *************** function _SPI_receive_data *****************
 Defined at:
		line 586 in file "SlaveComm_PIC18.c"
 Parameters:    Size  Location     Type
  data            2   18[COMRAM] PTR unsigned char 
		 -> receive_data@data(1), 
 Auto vars:     Size  Location     Type
  recvGood        1   20[COMRAM] unsigned char 
 Return value:  Size  Location     Type
                  1    wreg      unsigned char 
 Registers used:
		wreg, fsr2l, fsr2h, status,2
 Tracked objects:
		On entry : 
		On exit  : 
		Unchanged: 
 Data sizes:     COMRAM   BANK0   BANK1   BANK2   BANK3   BANK4   BANK5
      Params:         2       0       0       0       0       0       0
      Locals:         1       0       0       0       0       0       0
      Temps:          0       0       0       0       0       0       0
      Totals:         3       0       0       0       0       0       0
Total ram usage:        3 bytes
 Hardware stack levels used:    1
 Hardware stack levels required when called:    1
 This function calls:
		Nothing
 This function is called by:
		_receive_data
 This function uses a non-reentrant model


 *************** function _process_data *****************
 Defined at:
		line 263 in file "SlaveComm_PIC18.c"
 Parameters:    Size  Location     Type
  receive_buff    2   12[BANK0 ] PTR struct buffer
		 -> communications@receive_buffer(42), 
  send_buffer     2   14[BANK0 ] PTR struct buffer
		 -> communications@send_buffer(42), 
 Auto vars:     Size  Location     Type
  parameters     50   16[BANK0 ] unsigned char [10][5]
  end_of_trans    1   66[BANK0 ] unsigned char 
 Return value:  Size  Location     Type
                  1    wreg      unsigned char 
 Registers used:
		wreg, fsr1l, fsr1h, fsr2l, fsr2h, status,2, status,0, tblptrl, tblptrh, tblptru, prodl, prodh, cstack
 Tracked objects:
		On entry : 
		On exit  : 
		Unchanged: 
 Data sizes:     COMRAM   BANK0   BANK1   BANK2   BANK3   BANK4   BANK5
      Params:         0       4       0       0       0       0       0
      Locals:         0      51       0       0       0       0       0
      Temps:          0       0       0       0       0       0       0
      Totals:         0      55       0       0       0       0       0
Total ram usage:       55 bytes
 Hardware stack levels used:    1
 Hardware stack levels required when called:    6
 This function calls:
		_process_data_parameterize
		_process_data_parameters
 This function is called by:
		_communications
 This function uses a non-reentrant model


 *************** function _process_data_parameters *****************
 Defined at:
		line 339 in file "SlaveComm_PIC18.c"
 Parameters:    Size  Location     Type
  parameters      2   46[COMRAM] PTR unsigned char [10]
		 -> process_data@parameters(50), 
  send_buffer     2   48[COMRAM] PTR struct buffer
		 -> communications@send_buffer(42), 
 Auto vars:     Size  Location     Type
  end_of_trans    1   50[COMRAM] unsigned char 
 Return value:  Size  Location     Type
                  1    wreg      unsigned char 
 Registers used:
		wreg, fsr1l, fsr1h, fsr2l, fsr2h, status,2, status,0, tblptrl, tblptrh, tblptru, prodl, prodh, cstack
 Tracked objects:
		On entry : 
		On exit  : 
		Unchanged: 
 Data sizes:     COMRAM   BANK0   BANK1   BANK2   BANK3   BANK4   BANK5
      Params:         4       0       0       0       0       0       0
      Locals:         1       0       0       0       0       0       0
      Temps:          0       0       0       0       0       0       0
      Totals:         5       0       0       0       0       0       0
Total ram usage:        5 bytes
 Hardware stack levels used:    1
 Hardware stack levels required when called:    5
 This function calls:
		_atol
		_com_command_setEnergyUsed
		_command_builder3
		_send_end_of_transmission
		_strmatch
 This function is called by:
		_process_data
 This function uses a non-reentrant model


 *************** function _strmatch *****************
 Defined at:
		line 537 in file "SlaveComm_PIC18.c"
 Parameters:    Size  Location     Type
  a               2   29[COMRAM] PTR unsigned char 
		 -> process_data@parameters(50), 
  b               2   31[COMRAM] PTR unsigned char 
		 -> STR_22(10), STR_21(5), STR_20(6), STR_19(7), 
		 -> STR_18(6), STR_17(5), STR_16(5), STR_12(4), 
		 -> STR_8(3), STR_7(5), STR_6(5), STR_5(5), 
		 -> STR_4(7), STR_3(12), STR_2(4), STR_1(4), 
 Auto vars:     Size  Location     Type
  result          2   33[COMRAM] int 
  match           1   35[COMRAM] unsigned char 
 Return value:  Size  Location     Type
                  1    wreg      unsigned char 
 Registers used:
		wreg, fsr2l, fsr2h, status,2, status,0, tblptrl, tblptrh, tblptru, cstack
 Tracked objects:
		On entry : 
		On exit  : 
		Unchanged: 
 Data sizes:     COMRAM   BANK0   BANK1   BANK2   BANK3   BANK4   BANK5
      Params:         4       0       0       0       0       0       0
      Locals:         3       0       0       0       0       0       0
      Temps:          0       0       0       0       0       0       0
      Totals:         7       0       0       0       0       0       0
Total ram usage:        7 bytes
 Hardware stack levels used:    1
 Hardware stack levels required when called:    2
 This function calls:
		_strcmp2
 This function is called by:
		_process_data_parameters
 This function uses a non-reentrant model


 *************** function _strcmp2 *****************
 Defined at:
		line 549 in file "SlaveComm_PIC18.c"
 Parameters:    Size  Location     Type
  a               2   18[COMRAM] PTR unsigned char 
		 -> process_data@parameters(50), 
  b               2   20[COMRAM] PTR unsigned char 
		 -> STR_22(10), STR_21(5), STR_20(6), STR_19(7), 
		 -> STR_18(6), STR_17(5), STR_16(5), STR_12(4), 
		 -> STR_8(3), STR_7(5), STR_6(5), STR_5(5), 
		 -> STR_4(7), STR_3(12), STR_2(4), STR_1(4), 
 Auto vars:     Size  Location     Type
  inx             2   27[COMRAM] int 
  match           2   25[COMRAM] int 
 Return value:  Size  Location     Type
                  2   18[COMRAM] int 
 Registers used:
		wreg, fsr2l, fsr2h, status,2, status,0, tblptrl, tblptrh, tblptru
 Tracked objects:
		On entry : 
		On exit  : 
		Unchanged: 
 Data sizes:     COMRAM   BANK0   BANK1   BANK2   BANK3   BANK4   BANK5
      Params:         4       0       0       0       0       0       0
      Locals:         4       0       0       0       0       0       0
      Temps:          3       0       0       0       0       0       0
      Totals:        11       0       0       0       0       0       0
Total ram usage:       11 bytes
 Hardware stack levels used:    1
 Hardware stack levels required when called:    1
 This function calls:
		Nothing
 This function is called by:
		_strmatch
 This function uses a non-reentrant model


 *************** function _send_end_of_transmission *****************
 Defined at:
		line 628 in file "SlaveComm_PIC18.c"
 Parameters:    Size  Location     Type
  send_buffer     2   34[COMRAM] PTR struct buffer
		 -> communications@send_buffer(42), 
 Auto vars:     Size  Location     Type
		None
 Return value:  Size  Location     Type
                  1    wreg      void 
 Registers used:
		wreg, fsr1l, fsr1h, fsr2l, fsr2h, status,2, status,0, tblptrl, tblptrh, tblptru, prodl, prodh, cstack
 Tracked objects:
		On entry : 
		On exit  : 
		Unchanged: 
 Data sizes:     COMRAM   BANK0   BANK1   BANK2   BANK3   BANK4   BANK5
      Params:         2       0       0       0       0       0       0
      Locals:         0       0       0       0       0       0       0
      Temps:          0       0       0       0       0       0       0
      Totals:         2       0       0       0       0       0       0
Total ram usage:        2 bytes
 Hardware stack levels used:    1
 Hardware stack levels required when called:    4
 This function calls:
		_command_builder1
 This function is called by:
		_process_data_parameters
 This function uses a non-reentrant model


 *************** function _command_builder1 *****************
 Defined at:
		line 430 in file "SlaveComm_PIC18.c"
 Parameters:    Size  Location     Type
  send_buffer     2   30[COMRAM] PTR struct buffer
		 -> communications@send_buffer(42), 
  data1           2   32[COMRAM] PTR unsigned char 
		 -> STR_23(4), 
 Auto vars:     Size  Location     Type
		None
 Return value:  Size  Location     Type
                  1    wreg      void 
 Registers used:
		wreg, fsr1l, fsr1h, fsr2l, fsr2h, status,2, status,0, tblptrl, tblptrh, tblptru, prodl, prodh, cstack
 Tracked objects:
		On entry : 
		On exit  : 
		Unchanged: 
 Data sizes:     COMRAM   BANK0   BANK1   BANK2   BANK3   BANK4   BANK5
      Params:         4       0       0       0       0       0       0
      Locals:         0       0       0       0       0       0       0
      Temps:          0       0       0       0       0       0       0
      Totals:         4       0       0       0       0       0       0
Total ram usage:        4 bytes
 Hardware stack levels used:    1
 Hardware stack levels required when called:    3
 This function calls:
		_command_builder_add_char
		_command_builder_add_string
 This function is called by:
		_send_end_of_transmission
 This function uses a non-reentrant model


 *************** function _com_command_setEnergyUsed *****************
 Defined at:
		line 665 in file "SlaveComm_PIC18.c"
 Parameters:    Size  Location     Type
  send_buffer     2   44[COMRAM] PTR struct buffer
		 -> communications@send_buffer(42), 
 Auto vars:     Size  Location     Type
[...]
Total ram usage:       14 bytes
 Hardware stack levels used:    1
 Hardware stack levels required when called:    4
 This function calls:
		_command_builder3
		_ultoa
 This function is called by:
		_resetCommunications
		_process_data_parameters
 This function uses a non-reentrant model


 *************** function _ultoa *****************
 Defined at:
		line 32 in file "C:\Program Files (x86)\Microchip\xc8\v1.45\sources\common\ltoa.c"
 Parameters:    Size  Location     Type
  buf             2   31[COMRAM] PTR unsigned char 
		 -> com_command_setEnergyUsed@temp(12), com_command_setPower@temp(12), 
  val             4   33[COMRAM] unsigned long 
  base            2   37[COMRAM] int 
 Auto vars:     Size  Location     Type
  v               4   39[COMRAM] unsigned long 
  c               1   43[COMRAM] unsigned char 
 Return value:  Size  Location     Type
                  2   31[COMRAM] PTR unsigned char 
 Registers used:
		wreg, fsr2l, fsr2h, status,2, status,0, cstack
 Tracked objects:
		On entry : 
		On exit  : 
		Unchanged: 
 Data sizes:     COMRAM   BANK0   BANK1   BANK2   BANK3   BANK4   BANK5
      Params:         8       0       0       0       0       0       0
      Locals:         5       0       0       0       0       0       0
      Temps:          0       0       0       0       0       0       0
      Totals:        13       0       0       0       0       0       0
Total ram usage:       13 bytes
 Hardware stack levels used:    1
 Hardware stack levels required when called:    2
 This function calls:
		___lldiv
		___llmod
 This function is called by:
		_com_command_setPower
		_com_command_setEnergyUsed
 This function uses a non-reentrant model


 *************** function ___llmod *****************
 Defined at:
		line 8 in file "C:\Program Files (x86)\Microchip\xc8\v1.45\sources\common\llmod.c"
 Parameters:    Size  Location     Type
  dividend        4   18[COMRAM] unsigned long 
  divisor         4   22[COMRAM] unsigned long 
 Auto vars:     Size  Location     Type
  counter         1   26[COMRAM] unsigned char 
 Return value:  Size  Location     Type
                  4   18[COMRAM] unsigned long 
 Registers used:
		wreg, status,2, status,0
 Tracked objects:
		On entry : 
		On exit  : 
		Unchanged: 
 Data sizes:     COMRAM   BANK0   BANK1   BANK2   BANK3   BANK4   BANK5
      Params:         8       0       0       0       0       0       0
      Locals:         1       0       0       0       0       0       0
      Temps:          0       0       0       0       0       0       0
      Totals:         9       0       0       0       0       0       0
Total ram usage:        9 bytes
 Hardware stack levels used:    1
 Hardware stack levels required when called:    1
 This function calls:
		Nothing
 This function is called by:
		_ultoa
 This function uses a non-reentrant model


 *************** function ___lldiv *****************
 Defined at:
		line 8 in file "C:\Program Files (x86)\Microchip\xc8\v1.45\sources\common\lldiv.c"
 Parameters:    Size  Location     Type
  dividend        4   18[COMRAM] unsigned long 
  divisor         4   22[COMRAM] unsigned long 
 Auto vars:     Size  Location     Type
  quotient        4   26[COMRAM] unsigned long 
  counter         1   30[COMRAM] unsigned char 
 Return value:  Size  Location     Type
                  4   18[COMRAM] unsigned long 
 Registers used:
		wreg, status,2, status,0
 Tracked objects:
		On entry : 
		On exit  : 
		Unchanged: 
 Data sizes:     COMRAM   BANK0   BANK1   BANK2   BANK3   BANK4   BANK5
      Params:         8       0       0       0       0       0       0
      Locals:         5       0       0       0       0       0       0
      Temps:          0       0       0       0       0       0       0
      Totals:        13       0       0       0       0       0       0
Total ram usage:       13 bytes
 Hardware stack levels used:    1
 Hardware stack levels required when called:    1
 This function calls:
		Nothing
 This function is called by:
		_powerPulseCheck
		_ultoa
 This function uses a non-reentrant model


 *************** function _command_builder3 *****************
 Defined at:
		line 454 in file "SlaveComm_PIC18.c"
 Parameters:    Size  Location     Type
  send_buffer     2   30[COMRAM] PTR struct buffer
		 -> communications@send_buffer(42), 
  data1           2   32[COMRAM] PTR unsigned char 
		 -> STR_38(4), STR_33(4), STR_30(4), STR_28(4), 
		 -> STR_26(4), STR_13(4), STR_9(4), 
  data2           2   34[COMRAM] PTR unsigned char 
		 -> STR_39(10), STR_34(5), STR_31(6), STR_29(7), 
		 -> STR_27(6), STR_14(5), STR_10(5), 
  data3           2   36[COMRAM] PTR unsigned char 
		 -> STR_40(4), STR_35(4), STR_32(4), com_command_setEnergyUsed@temp(12), 
		 -> com_command_setPower@temp(12), STR_15(3), STR_11(4), 
 Auto vars:     Size  Location     Type
		None
 Return value:  Size  Location     Type
                  1    wreg      void 
 Registers used:
		wreg, fsr1l, fsr1h, fsr2l, fsr2h, status,2, status,0, tblptrl, tblptrh, tblptru, prodl, prodh, cstack
 Tracked objects:
		On entry : 
		On exit  : 
		Unchanged: 
 Data sizes:     COMRAM   BANK0   BANK1   BANK2   BANK3   BANK4   BANK5
      Params:         8       0       0       0       0       0       0
      Locals:         0       0       0       0       0       0       0
      Temps:          0       0       0       0       0       0       0
      Totals:         8       0       0       0       0       0       0
Total ram usage:        8 bytes
 Hardware stack levels used:    1
 Hardware stack levels required when called:    3
 This function calls:
		_command_builder_add_char
		_command_builder_add_string
 This function is called by:
		_process_data_parameters
		_com_command_setPower
		_com_command_setEnergyUsed
		_com_command_setVersion
		_com_command_setVolts
		_com_command_setAmps
 This function uses a non-reentrant model


 *************** function _command_builder_add_string *****************
 Defined at:
		line 499 in file "SlaveComm_PIC18.c"
 Parameters:    Size  Location     Type
  send_buffer     2   22[COMRAM] PTR struct buffer
		 -> communications@send_buffer(42), 
  data_string     2   24[COMRAM] PTR unsigned char 
		 -> STR_40(4), STR_39(10), STR_38(4), STR_37(12), 
		 -> STR_36(5), STR_35(4), STR_34(5), STR_33(4), 
		 -> STR_32(4), STR_31(6), STR_30(4), STR_29(7), 
		 -> STR_28(4), com_command_setEnergyUsed@temp(12), STR_27(6), STR_26(4), 
		 -> com_command_setPower@temp(12), STR_25(5), STR_24(5), STR_23(4), 
		 -> STR_15(3), STR_14(5), STR_13(4), STR_11(4), 
		 -> STR_10(5), STR_9(4), 
 Auto vars:     Size  Location     Type
  inx             2   28[COMRAM] int 
 Return value:  Size  Location     Type
                  1    wreg      void 
 Registers used:
		wreg, fsr1l, fsr1h, fsr2l, fsr2h, status,2, status,0, tblptrl, tblptrh, tblptru, prodl, prodh, cstack
 Tracked objects:
		On entry : 
		On exit  : 
		Unchanged: 
 Data sizes:     COMRAM   BANK0   BANK1   BANK2   BANK3   BANK4   BANK5
      Params:         4       0       0       0       0       0       0
      Locals:         2       0       0       0       0       0       0
      Temps:          2       0       0       0       0       0       0
      Totals:         8       0       0       0       0       0       0
Total ram usage:        8 bytes
 Hardware stack levels used:    1
 Hardware stack levels required when called:    2
 This function calls:
		_command_builder_add_char
 This function is called by:
		_command_builder1
		_command_builder3
		_command_builder2
		_command_builder4
 This function uses a non-reentrant model


 *************** function _command_builder_add_char *****************
 Defined at:
		line 486 in file "SlaveComm_PIC18.c"
 Parameters:    Size  Location     Type
  send_buffer     2   18[COMRAM] PTR struct buffer
		 -> communications@send_buffer(42), 
  data            1   20[COMRAM] unsigned char 
 Auto vars:     Size  Location     Type
		None
 Return value:  Size  Location     Type
                  1    wreg      void 
 Registers used:
		wreg, fsr2l, fsr2h, status,2, status,0, prodl, prodh
 Tracked objects:
		On entry : 
		On exit  : 
		Unchanged: 
 Data sizes:     COMRAM   BANK0   BANK1   BANK2   BANK3   BANK4   BANK5
      Params:         3       0       0       0       0       0       0
      Locals:         0       0       0       0       0       0       0
      Temps:          1       0       0       0       0       0       0
      Totals:         4       0       0       0       0       0       0
Total ram usage:        4 bytes
 Hardware stack levels used:    1
 Hardware stack levels required when called:    1
 This function calls:
		Nothing
 This function is called by:
		_command_builder1
		_command_builder3
		_command_builder_add_string
		_command_builder2
		_command_builder4
 This function uses a non-reentrant model


 *************** function _atol *****************
 Defined at:
		line 5 in file "C:\Program Files (x86)\Microchip\xc8\v1.45\sources\common\atol.c"
 Parameters:    Size  Location     Type
  s               2   30[COMRAM] PTR const unsigned char 
		 -> process_data@parameters(50), 
 Auto vars:     Size  Location     Type
  a               4   39[COMRAM] long 
  c               1   43[COMRAM] unsigned char 
  sign            1   38[COMRAM] unsigned char 
 Return value:  Size  Location     Type
                  4   30[COMRAM] long 
 Registers used:
		wreg, fsr2l, fsr2h, status,2, status,0, cstack
 Tracked objects:
		On entry : 
		On exit  : 
		Unchanged: 
 Data sizes:     COMRAM   BANK0   BANK1   BANK2   BANK3   BANK4   BANK5
      Params:         4       0       0       0       0       0       0
      Locals:         6       0       0       0       0       0       0
      Temps:          4       0       0       0       0       0       0
      Totals:        14       0       0       0       0       0       0
Total ram usage:       14 bytes
 Hardware stack levels used:    1
 Hardware stack levels required when called:    2
 This function calls:
		___lmul
		_isdigit
 This function is called by:
		_process_data_parameters
 This function uses a non-reentrant model


 *************** function _isdigit *****************
 Defined at:
		line 8 in file "C:\Program Files (x86)\Microchip\xc8\v1.45\sources\common\isdigit.c"
 Parameters:    Size  Location     Type
  c               1    wreg     unsigned char 
 Auto vars:     Size  Location     Type
  c               1   20[COMRAM] unsigned char 
 Return value:  Size  Location     Type
		None               void
 Registers used:
		wreg, status,2, status,0
 Tracked objects:
		On entry : 
		On exit  : 
		Unchanged: 
 Data sizes:     COMRAM   BANK0   BANK1   BANK2   BANK3   BANK4   BANK5
      Params:         0       0       0       0       0       0       0
      Locals:         2       0       0       0       0       0       0
      Temps:          1       0       0       0       0       0       0
      Totals:         3       0       0       0       0       0       0
Total ram usage:        3 bytes
 Hardware stack levels used:    1
 Hardware stack levels required when called:    1
 This function calls:
		Nothing
 This function is called by:
		_atol
 This function uses a non-reentrant model


 *************** function ___lmul *****************
 Defined at:
		line 15 in file "C:\Program Files (x86)\Microchip\xc8\v1.45\sources\common\Umul32.c"
 Parameters:    Size  Location     Type
  multiplier      4   18[COMRAM] unsigned long 
  multiplicand    4   22[COMRAM] unsigned long 
 Auto vars:     Size  Location     Type
  product         4   26[COMRAM] unsigned long 
 Return value:  Size  Location     Type
                  4   18[COMRAM] unsigned long 
 Registers used:
		wreg, status,2, status,0
 Tracked objects:
		On entry : 
		On exit  : 
		Unchanged: 
 Data sizes:     COMRAM   BANK0   BANK1   BANK2   BANK3   BANK4   BANK5
      Params:         8       0       0       0       0       0       0
      Locals:         4       0       0       0       0       0       0
      Temps:          0       0       0       0       0       0       0
      Totals:        12       0       0       0       0       0       0
Total ram usage:       12 bytes
 Hardware stack levels used:    1
 Hardware stack levels required when called:    1
 This function calls:
		Nothing
 This function is called by:
		_powerPulseCheck
		_atol
 This function uses a non-reentrant model


 *************** function _process_data_parameterize *****************
 Defined at:
		line 280 in file "SlaveComm_PIC18.c"
 Parameters:    Size  Location     Type
  parameters      2   24[COMRAM] PTR unsigned char [10]
		 -> process_data@parameters(50), 
  buffer_to_pa    2   26[COMRAM] PTR struct buffer
		 -> communications@receive_buffer(42), 
 Auto vars:     Size  Location     Type
  inx             2   31[COMRAM] int 
  parameter_po    1   34[COMRAM] unsigned char 
  parameter_in    1   33[COMRAM] unsigned char 
 Return value:  Size  Location     Type
                  1    wreg      void 
 Registers used:
		wreg, fsr1l, fsr1h, fsr2l, fsr2h, status,2, status,0, prodl, prodh, cstack
 Tracked objects:
		On entry : 
		On exit  : 
		Unchanged: 
 Data sizes:     COMRAM   BANK0   BANK1   BANK2   BANK3   BANK4   BANK5
      Params:         4       0       0       0       0       0       0
      Locals:         4       0       0       0       0       0       0
      Temps:          3       0       0       0       0       0       0
      Totals:        11       0       0       0       0       0       0
Total ram usage:       11 bytes
 Hardware stack levels used:    1
 Hardware stack levels required when called:    2
 This function calls:
		___wmul
 This function is called by:
		_process_data
 This function uses a non-reentrant model


 *************** function ___wmul *****************
 Defined at:
		line 15 in file "C:\Program Files (x86)\Microchip\xc8\v1.45\sources\common\Umul16.c"
 Parameters:    Size  Location     Type
  multiplier      2   18[COMRAM] unsigned int 
  multiplicand    2   20[COMRAM] unsigned int 
 Auto vars:     Size  Location     Type
  product         2   22[COMRAM] unsigned int 
 Return value:  Size  Location     Type
                  2   18[COMRAM] unsigned int 
 Registers used:
		wreg, status,2, status,0, prodl, prodh
 Tracked objects:
		On entry : 
		On exit  : 
		Unchanged: 
 Data sizes:     COMRAM   BANK0   BANK1   BANK2   BANK3   BANK4   BANK5
      Params:         4       0       0       0       0       0       0
      Locals:         2       0       0       0       0       0       0
      Temps:          0       0       0       0       0       0       0
      Totals:         6       0       0       0       0       0       0
Total ram usage:        6 bytes
 Hardware stack levels used:    1
 Hardware stack levels required when called:    1
 This function calls:
		Nothing
 This function is called by:
		_process_data_parameterize
 This function uses a non-reentrant model


 *************** function _SPISlaveInit *****************
 Defined at:
		line 706 in file "SlaveComm_PIC18.c"
 Parameters:    Size  Location     Type
		None
 Auto vars:     Size  Location     Type
		None
 Return value:  Size  Location     Type
                  1    wreg      void 
 Registers used:
		wreg, status,2
 Tracked objects:
		On entry : 
		On exit  : 
		Unchanged: 
 Data sizes:     COMRAM   BANK0   BANK1   BANK2   BANK3   BANK4   BANK5
      Params:         0       0       0       0       0       0       0
      Locals:         0       0       0       0       0       0       0
      Temps:          0       0       0       0       0       0       0
      Totals:         0       0       0       0       0       0       0
Total ram usage:        0 bytes
 Hardware stack levels used:    1
 Hardware stack levels required when called:    1
 This function calls:
		Nothing
 This function is called by:
		_communications
 This function uses a non-reentrant model


 *************** function _Timer0_ISR *****************
 Defined at:
		line 448 in file "Current_Sense_Main.c"
 Parameters:    Size  Location     Type
		None
 Auto vars:     Size  Location     Type
		None
 Return value:  Size  Location     Type
                  1    wreg      void 
 Registers used:
		wreg, status,2, status,0
 Tracked objects:
		On entry : 
		On exit  : 
		Unchanged: 
 Data sizes:     COMRAM   BANK0   BANK1   BANK2   BANK3   BANK4   BANK5
      Params:         0       0       0       0       0       0       0
      Locals:         0       0       0       0       0       0       0
      Temps:         18       0       0       0       0       0       0
      Totals:        18       0       0       0       0       0       0
Total ram usage:       18 bytes
 Hardware stack levels used:    1
 This function calls:
		Nothing
 This function is called by:
		Interrupt level 2
 This function uses a non-reentrant model



MODULE INFORMATION

Module		Function		Class		Link	Load	Size
C:\Program Files (x86)\Microchip\xc8\v1.45\sources\common\Umul16.c
		___wmul        		CODE           	18B0	0000	39

C:\Program Files (x86)\Microchip\xc8\v1.45\sources\common\Umul16.c estimated size: 39

C:\Program Files (x86)\Microchip\xc8\v1.45\sources\common\isdigit.c
		_isdigit       		CODE           	18F6	0000	31

C:\Program Files (x86)\Microchip\xc8\v1.45\sources\common\isdigit.c estimated size: 31

Current_Sense_Main.c
		_init          		CODE           	1962	0000	7
		_Timer0_ISR    		CODE           	0008	0000	185
		_initOSC       		CODE           	192C	0000	25
		_main          		CODE           	10B8	0000	183
		_toggleLEDs    		CODE           	16AA	0000	75
		_initTimer     		CODE           	1914	0000	25
		_powerPulseCheck		CODE           	0906	0000	605
		_delayMS10     		CODE           	17D0	0000	51

Current_Sense_Main.c estimated size: 1156

C:\Program Files (x86)\Microchip\xc8\v1.45\sources\common\llmod.c
		___llmod       		CODE           	1542	0000	103

C:\Program Files (x86)\Microchip\xc8\v1.45\sources\common\llmod.c estimated size: 103

C:\Program Files (x86)\Microchip\xc8\v1.45\sources\common\Umul32.c
		___lmul        		CODE           	1654	0000	87

C:\Program Files (x86)\Microchip\xc8\v1.45\sources\common\Umul32.c estimated size: 87

shared
		__initialization		CODE           	14D0	0000	101

shared estimated size: 101

SlaveComm_PIC18.c
		_com_command_setVersion		CODE           	188A	0000	39
		_communications		CODE           	12A8	0000	155
		_resetCommunications		CODE           	120C	0000	157
		_process_data  		CODE           	1802	0000	49
		_SPISlaveInit  		CODE           	1788	0000	73
		_command_builder_add_char		CODE           	15FE	0000	87
		_send_data     		CODE           	1342	0000	145
		_SPI_send_data 		CODE           	18D6	0000	33
		_com_command_setPower		CODE           	16F4	0000	75
		_SPI_receive_data		CODE           	1862	0000	41
		_receive_data  		CODE           	0FF8	0000	193
		_process_data_parameters		CODE           	0660	0000	679
		_command_builder1		CODE           	15A8	0000	87
		_process_data_parameterize		CODE           	0B62	0000	385
		_command_builder3		CODE           	116E	0000	159
		_strmatch      		CODE           	1832	0000	49
		_command_builder_add_string		CODE           	1454	0000	125
		_com_command_setEnergyUsed		CODE           	173E	0000	75
		_strcmp2       		CODE           	0CE2	0000	301
		_send_end_of_transmission		CODE           	1944	0000	23

SlaveComm_PIC18.c estimated size: 2930

C:\Program Files (x86)\Microchip\xc8\v1.45\sources\common\ltoa.c
		_ultoa         		CODE           	0E0E	0000	247

C:\Program Files (x86)\Microchip\xc8\v1.45\sources\common\ltoa.c estimated size: 247

C:\Program Files (x86)\Microchip\xc8\v1.45\sources\common\lldiv.c
		___lldiv       		CODE           	13D2	0000	131

C:\Program Files (x86)\Microchip\xc8\v1.45\sources\common\lldiv.c estimated size: 131

C:\Program Files (x86)\Microchip\xc8\v1.45\sources\common\atol.c
		_atol          		CODE           	0F04	0000	245

C:\Program Files (x86)\Microchip\xc8\v1.45\sources\common\atol.c estimated size: 245

